Archive member included to satisfy reference by file (symbol)

/opt/gcc-arm-none-eabi-7-2018-q2-update/bin/../lib/gcc/arm-none-eabi/7.3.1/../../../../arm-none-eabi/lib/thumb/v7e-m/fpv4-sp/hard/libc_nano.a(lib_a-exit.o)
                              /opt/gcc-arm-none-eabi-7-2018-q2-update/bin/../lib/gcc/arm-none-eabi/7.3.1/../../../../arm-none-eabi/lib/thumb/v7e-m/fpv4-sp/hard/crt0.o (exit)
/opt/gcc-arm-none-eabi-7-2018-q2-update/bin/../lib/gcc/arm-none-eabi/7.3.1/../../../../arm-none-eabi/lib/thumb/v7e-m/fpv4-sp/hard/libc_nano.a(lib_a-impure.o)
                              /opt/gcc-arm-none-eabi-7-2018-q2-update/bin/../lib/gcc/arm-none-eabi/7.3.1/../../../../arm-none-eabi/lib/thumb/v7e-m/fpv4-sp/hard/libc_nano.a(lib_a-exit.o) (_global_impure_ptr)
/opt/gcc-arm-none-eabi-7-2018-q2-update/bin/../lib/gcc/arm-none-eabi/7.3.1/../../../../arm-none-eabi/lib/thumb/v7e-m/fpv4-sp/hard/libc_nano.a(lib_a-init.o)
                              /opt/gcc-arm-none-eabi-7-2018-q2-update/bin/../lib/gcc/arm-none-eabi/7.3.1/../../../../arm-none-eabi/lib/thumb/v7e-m/fpv4-sp/hard/crt0.o (__libc_init_array)
/opt/gcc-arm-none-eabi-7-2018-q2-update/bin/../lib/gcc/arm-none-eabi/7.3.1/../../../../arm-none-eabi/lib/thumb/v7e-m/fpv4-sp/hard/libc_nano.a(lib_a-memset.o)
                              /opt/gcc-arm-none-eabi-7-2018-q2-update/bin/../lib/gcc/arm-none-eabi/7.3.1/../../../../arm-none-eabi/lib/thumb/v7e-m/fpv4-sp/hard/crt0.o (memset)
/opt/gcc-arm-none-eabi-7-2018-q2-update/bin/../lib/gcc/arm-none-eabi/7.3.1/../../../../arm-none-eabi/lib/thumb/v7e-m/fpv4-sp/hard/libc_nano.a(lib_a-printf.o)
                              build/main.o (printf)
/opt/gcc-arm-none-eabi-7-2018-q2-update/bin/../lib/gcc/arm-none-eabi/7.3.1/../../../../arm-none-eabi/lib/thumb/v7e-m/fpv4-sp/hard/libc_nano.a(lib_a-puts.o)
                              build/main.o (puts)
/opt/gcc-arm-none-eabi-7-2018-q2-update/bin/../lib/gcc/arm-none-eabi/7.3.1/../../../../arm-none-eabi/lib/thumb/v7e-m/fpv4-sp/hard/libc_nano.a(lib_a-wbuf.o)
                              /opt/gcc-arm-none-eabi-7-2018-q2-update/bin/../lib/gcc/arm-none-eabi/7.3.1/../../../../arm-none-eabi/lib/thumb/v7e-m/fpv4-sp/hard/libc_nano.a(lib_a-puts.o) (__swbuf_r)
/opt/gcc-arm-none-eabi-7-2018-q2-update/bin/../lib/gcc/arm-none-eabi/7.3.1/../../../../arm-none-eabi/lib/thumb/v7e-m/fpv4-sp/hard/libc_nano.a(lib_a-wsetup.o)
                              /opt/gcc-arm-none-eabi-7-2018-q2-update/bin/../lib/gcc/arm-none-eabi/7.3.1/../../../../arm-none-eabi/lib/thumb/v7e-m/fpv4-sp/hard/libc_nano.a(lib_a-puts.o) (__swsetup_r)
/opt/gcc-arm-none-eabi-7-2018-q2-update/bin/../lib/gcc/arm-none-eabi/7.3.1/../../../../arm-none-eabi/lib/thumb/v7e-m/fpv4-sp/hard/libc_nano.a(lib_a-fflush.o)
                              /opt/gcc-arm-none-eabi-7-2018-q2-update/bin/../lib/gcc/arm-none-eabi/7.3.1/../../../../arm-none-eabi/lib/thumb/v7e-m/fpv4-sp/hard/libc_nano.a(lib_a-wbuf.o) (_fflush_r)
/opt/gcc-arm-none-eabi-7-2018-q2-update/bin/../lib/gcc/arm-none-eabi/7.3.1/../../../../arm-none-eabi/lib/thumb/v7e-m/fpv4-sp/hard/libc_nano.a(lib_a-findfp.o)
                              /opt/gcc-arm-none-eabi-7-2018-q2-update/bin/../lib/gcc/arm-none-eabi/7.3.1/../../../../arm-none-eabi/lib/thumb/v7e-m/fpv4-sp/hard/libc_nano.a(lib_a-printf.o) (__sinit)
/opt/gcc-arm-none-eabi-7-2018-q2-update/bin/../lib/gcc/arm-none-eabi/7.3.1/../../../../arm-none-eabi/lib/thumb/v7e-m/fpv4-sp/hard/libc_nano.a(lib_a-fwalk.o)
                              /opt/gcc-arm-none-eabi-7-2018-q2-update/bin/../lib/gcc/arm-none-eabi/7.3.1/../../../../arm-none-eabi/lib/thumb/v7e-m/fpv4-sp/hard/libc_nano.a(lib_a-findfp.o) (_fwalk)
/opt/gcc-arm-none-eabi-7-2018-q2-update/bin/../lib/gcc/arm-none-eabi/7.3.1/../../../../arm-none-eabi/lib/thumb/v7e-m/fpv4-sp/hard/libc_nano.a(lib_a-makebuf.o)
                              /opt/gcc-arm-none-eabi-7-2018-q2-update/bin/../lib/gcc/arm-none-eabi/7.3.1/../../../../arm-none-eabi/lib/thumb/v7e-m/fpv4-sp/hard/libc_nano.a(lib_a-wsetup.o) (__smakebuf_r)
/opt/gcc-arm-none-eabi-7-2018-q2-update/bin/../lib/gcc/arm-none-eabi/7.3.1/../../../../arm-none-eabi/lib/thumb/v7e-m/fpv4-sp/hard/libc_nano.a(lib_a-nano-freer.o)
                              /opt/gcc-arm-none-eabi-7-2018-q2-update/bin/../lib/gcc/arm-none-eabi/7.3.1/../../../../arm-none-eabi/lib/thumb/v7e-m/fpv4-sp/hard/libc_nano.a(lib_a-wsetup.o) (_free_r)
/opt/gcc-arm-none-eabi-7-2018-q2-update/bin/../lib/gcc/arm-none-eabi/7.3.1/../../../../arm-none-eabi/lib/thumb/v7e-m/fpv4-sp/hard/libc_nano.a(lib_a-nano-mallocr.o)
                              /opt/gcc-arm-none-eabi-7-2018-q2-update/bin/../lib/gcc/arm-none-eabi/7.3.1/../../../../arm-none-eabi/lib/thumb/v7e-m/fpv4-sp/hard/libc_nano.a(lib_a-findfp.o) (_malloc_r)
/opt/gcc-arm-none-eabi-7-2018-q2-update/bin/../lib/gcc/arm-none-eabi/7.3.1/../../../../arm-none-eabi/lib/thumb/v7e-m/fpv4-sp/hard/libc_nano.a(lib_a-nano-vfprintf.o)
[...]
Memory Configuration

Name             Origin             Length             Attributes
RAM              0x0000000020000000 0x0000000000030000 xrw
CCMRAM           0x0000000010000000 0x0000000000010000 rw
FLASH            0x0000000008000000 0x0000000000200000 xr
*default*        0x0000000000000000 0xffffffffffffffff

Linker script and memory map

LOAD /opt/gcc-arm-none-eabi-7-2018-q2-update/bin/../lib/gcc/arm-none-eabi/7.3.1/thumb/v7e-m/fpv4-sp/hard/crti.o
LOAD /opt/gcc-arm-none-eabi-7-2018-q2-update/bin/../lib/gcc/arm-none-eabi/7.3.1/thumb/v7e-m/fpv4-sp/hard/crtbegin.o
LOAD /opt/gcc-arm-none-eabi-7-2018-q2-update/bin/../lib/gcc/arm-none-eabi/7.3.1/../../../../arm-none-eabi/lib/thumb/v7e-m/fpv4-sp/hard/crt0.o
LOAD build/main.o
LOAD build/MAX30102.o
LOAD build/stm32f4xx_it.o
LOAD build/stm32f4xx_hal_msp.o
LOAD build/stm32f4xx_hal_i2c.o
LOAD build/stm32f4xx_hal_i2c_ex.o
LOAD build/stm32f4xx_hal_tim.o
LOAD build/stm32f4xx_hal_tim_ex.o
LOAD build/stm32f4xx_hal_uart.o
LOAD build/stm32f4xx_hal_rcc.o
LOAD build/stm32f4xx_hal_rcc_ex.o
LOAD build/stm32f4xx_hal_flash.o
LOAD build/stm32f4xx_hal_flash_ex.o
LOAD build/stm32f4xx_hal_flash_ramfunc.o
LOAD build/stm32f4xx_hal_gpio.o
LOAD build/stm32f4xx_hal_dma_ex.o
LOAD build/stm32f4xx_hal_dma.o
LOAD build/stm32f4xx_hal_pwr.o
LOAD build/stm32f4xx_hal_pwr_ex.o
LOAD build/stm32f4xx_hal_cortex.o
LOAD build/stm32f4xx_hal.o
LOAD build/system_stm32f4xx.o
LOAD build/startup_stm32f429xx.o
LOAD /opt/gcc-arm-none-eabi-7-2018-q2-update/bin/../lib/gcc/arm-none-eabi/7.3.1/../../../../arm-none-eabi/lib/thumb/v7e-m/fpv4-sp/hard/libc_nano.a
LOAD /opt/gcc-arm-none-eabi-7-2018-q2-update/bin/../lib/gcc/arm-none-eabi/7.3.1/../../../../arm-none-eabi/lib/thumb/v7e-m/fpv4-sp/hard/libm.a
LOAD /opt/gcc-arm-none-eabi-7-2018-q2-update/bin/../lib/gcc/arm-none-eabi/7.3.1/../../../../arm-none-eabi/lib/thumb/v7e-m/fpv4-sp/hard/libnosys.a
START GROUP
LOAD /opt/gcc-arm-none-eabi-7-2018-q2-update/bin/../lib/gcc/arm-none-eabi/7.3.1/thumb/v7e-m/fpv4-sp/hard/libgcc.a
LOAD /opt/gcc-arm-none-eabi-7-2018-q2-update/bin/../lib/gcc/arm-none-eabi/7.3.1/../../../../arm-none-eabi/lib/thumb/v7e-m/fpv4-sp/hard/libc_nano.a
END GROUP
START GROUP
LOAD /opt/gcc-arm-none-eabi-7-2018-q2-update/bin/../lib/gcc/arm-none-eabi/7.3.1/thumb/v7e-m/fpv4-sp/hard/libgcc.a
LOAD /opt/gcc-arm-none-eabi-7-2018-q2-update/bin/../lib/gcc/arm-none-eabi/7.3.1/../../../../arm-none-eabi/lib/thumb/v7e-m/fpv4-sp/hard/libc_nano.a
END GROUP
LOAD /opt/gcc-arm-none-eabi-7-2018-q2-update/bin/../lib/gcc/arm-none-eabi/7.3.1/thumb/v7e-m/fpv4-sp/hard/crtend.o
LOAD /opt/gcc-arm-none-eabi-7-2018-q2-update/bin/../lib/gcc/arm-none-eabi/7.3.1/thumb/v7e-m/fpv4-sp/hard/crtn.o
                0x0000000020030000                _estack = 0x20030000
                0x0000000000000200                _Min_Heap_Size = 0x200
                0x0000000000000400                _Min_Stack_Size = 0x400

.isr_vector     0x0000000008000000      0x1ac
                0x0000000008000000                . = ALIGN (0x4)
 *(.isr_vector)
 .isr_vector    0x0000000008000000      0x1ac build/startup_stm32f429xx.o
                0x0000000008000000                g_pfnVectors
                0x00000000080001ac                . = ALIGN (0x4)

.text           0x00000000080001b0     0x3e04
                0x00000000080001b0                . = ALIGN (0x4)
 *(.text)
 .text          0x00000000080001b0       0x40 /opt/gcc-arm-none-eabi-7-2018-q2-update/bin/../lib/gcc/arm-none-eabi/7.3.1/thumb/v7e-m/fpv4-sp/hard/crtbegin.o
 .text          0x00000000080001f0       0xa0 /opt/gcc-arm-none-eabi-7-2018-q2-update/bin/../lib/gcc/arm-none-eabi/7.3.1/../../../../arm-none-eabi/lib/thumb/v7e-m/fpv4-sp/hard/libc_nano.a(lib_a-memchr.o)
                0x00000000080001f0                memchr
 .text          0x0000000008000290      0x378 /opt/gcc-arm-none-eabi-7-2018-q2-update/bin/../lib/gcc/arm-none-eabi/7.3.1/thumb/v7e-m/fpv4-sp/hard/libgcc.a(_arm_addsubdf3.o)
                0x0000000008000290                __aeabi_drsub
                0x0000000008000298                __aeabi_dsub
                0x0000000008000298                __subdf3
                0x000000000800029c                __adddf3
                0x000000000800029c                __aeabi_dadd
                0x0000000008000514                __aeabi_ui2d
                0x0000000008000514                __floatunsidf
                0x0000000008000534                __floatsidf
                0x0000000008000534                __aeabi_i2d
                0x0000000008000558                __extendsfdf2
                0x0000000008000558                __aeabi_f2d
                0x000000000800059c                __aeabi_ul2d
                0x000000000800059c                __floatundidf
                0x00000000080005ac                __floatdidf
                0x00000000080005ac                __aeabi_l2d
 .text          0x0000000008000608      0x424 /opt/gcc-arm-none-eabi-7-2018-q2-update/bin/../lib/gcc/arm-none-eabi/7.3.1/thumb/v7e-m/fpv4-sp/hard/libgcc.a(_arm_muldivdf3.o)
                0x0000000008000608                __aeabi_dmul
                0x0000000008000608                __muldf3
                0x000000000800085c                __aeabi_ddiv
                0x000000000800085c                __divdf3
 .text          0x0000000008000a2c       0xa0 /opt/gcc-arm-none-eabi-7-2018-q2-update/bin/../lib/gcc/arm-none-eabi/7.3.1/thumb/v7e-m/fpv4-sp/hard/libgcc.a(_arm_truncdfsf2.o)
                0x0000000008000a2c                __aeabi_d2f
                0x0000000008000a2c                __truncdfsf2
 .text          0x0000000008000acc       0x30 /opt/gcc-arm-none-eabi-7-2018-q2-update/bin/../lib/gcc/arm-none-eabi/7.3.1/thumb/v7e-m/fpv4-sp/hard/libgcc.a(_aeabi_uldivmod.o)
                0x0000000008000acc                __aeabi_uldivmod
 .text          0x0000000008000afc      0x2cc /opt/gcc-arm-none-eabi-7-2018-q2-update/bin/../lib/gcc/arm-none-eabi/7.3.1/thumb/v7e-m/fpv4-sp/hard/libgcc.a(_udivmoddi4.o)
                0x0000000008000afc                __udivmoddi4
 .text          0x0000000008000dc8        0x4 /opt/gcc-arm-none-eabi-7-2018-q2-update/bin/../lib/gcc/arm-none-eabi/7.3.1/thumb/v7e-m/fpv4-sp/hard/libgcc.a(_dvmd_tls.o)
                0x0000000008000dc8                __aeabi_ldiv0
                0x0000000008000dc8                __aeabi_idiv0
 *(.text*)
 .text.MX_GPIO_Init
                0x0000000008000dcc      0x368 build/main.o
 .text.MX_USART1_UART_Init
                0x0000000008001134       0x2c build/main.o
 .text.MX_I2C3_Init
                0x0000000008001160       0x44 build/main.o
 .text._write   0x00000000080011a4       0x48 build/main.o
                0x00000000080011a4                _write
 .text.SystemClock_Config
                0x00000000080011ec       0x98 build/main.o
                0x00000000080011ec                SystemClock_Config
 .text.print_float
                0x0000000008001284       0x98 build/main.o
                0x0000000008001284                print_float
 .text.main     0x000000000800131c       0x94 build/main.o
                0x000000000800131c                main
 .text.maxim_max30102_write_reg
                0x00000000080013b0       0x34 build/MAX30102.o
                0x00000000080013b0                maxim_max30102_write_reg
 .text.maxim_max30102_read_reg
                0x00000000080013e4       0x2c build/MAX30102.o
                0x00000000080013e4                maxim_max30102_read_reg
 .text.maxim_max30102_init
                0x0000000008001410       0xaa build/MAX30102.o
                0x0000000008001410                maxim_max30102_init
 .text.maxim_max30102_reset
                0x00000000080014ba        0xc build/MAX30102.o
                0x00000000080014ba                maxim_max30102_reset
 *fill*         0x00000000080014c6        0x2 
 .text.maxim_max30102_read_temperature
                0x00000000080014c8       0x4c build/MAX30102.o
                0x00000000080014c8                maxim_max30102_read_temperature
 .text.NMI_Handler
                0x0000000008001514        0x2 build/stm32f4xx_it.o
                0x0000000008001514                NMI_Handler
 .text.HardFault_Handler
                0x0000000008001516        0x2 build/stm32f4xx_it.o
                0x0000000008001516                HardFault_Handler
 .text.MemManage_Handler
                0x0000000008001518        0x2 build/stm32f4xx_it.o
                0x0000000008001518                MemManage_Handler
 .text.BusFault_Handler
                0x000000000800151a        0x2 build/stm32f4xx_it.o
                0x000000000800151a                BusFault_Handler
 .text.UsageFault_Handler
                0x000000000800151c        0x2 build/stm32f4xx_it.o
                0x000000000800151c                UsageFault_Handler
 .text.SVC_Handler
                0x000000000800151e        0x2 build/stm32f4xx_it.o
                0x000000000800151e                SVC_Handler
 .text.DebugMon_Handler
                0x0000000008001520        0x2 build/stm32f4xx_it.o
                0x0000000008001520                DebugMon_Handler
 .text.PendSV_Handler
                0x0000000008001522        0x2 build/stm32f4xx_it.o
                0x0000000008001522                PendSV_Handler
 .text.SysTick_Handler
                0x0000000008001524        0x8 build/stm32f4xx_it.o
                0x0000000008001524                SysTick_Handler
 .text.HAL_MspInit
                0x000000000800152c       0x40 build/stm32f4xx_hal_msp.o
                0x000000000800152c                HAL_MspInit
 .text.HAL_I2C_MspInit
                0x000000000800156c       0xa8 build/stm32f4xx_hal_msp.o
                0x000000000800156c                HAL_I2C_MspInit
 .text.HAL_UART_MspInit
                0x0000000008001614       0x78 build/stm32f4xx_hal_msp.o
                0x0000000008001614                HAL_UART_MspInit
 .text.I2C_IsAcknowledgeFailed
                0x000000000800168c       0x2a build/stm32f4xx_hal_i2c.o
 .text.I2C_WaitOnFlagUntilTimeout
                0x00000000080016b6       0x68 build/stm32f4xx_hal_i2c.o
 .text.I2C_WaitOnMasterAddressFlagUntilTimeout
                0x000000000800171e       0x90 build/stm32f4xx_hal_i2c.o
 .text.I2C_WaitOnTXEFlagUntilTimeout
                0x00000000080017ae       0x4e build/stm32f4xx_hal_i2c.o
 .text.I2C_RequestMemoryWrite
                0x00000000080017fc       0xd8 build/stm32f4xx_hal_i2c.o
 .text.I2C_RequestMemoryRead
                0x00000000080018d4      0x148 build/stm32f4xx_hal_i2c.o
 .text.I2C_WaitOnBTFFlagUntilTimeout
                0x0000000008001a1c       0x4e build/stm32f4xx_hal_i2c.o
 .text.I2C_WaitOnRXNEFlagUntilTimeout
                0x0000000008001a6a       0x5c build/stm32f4xx_hal_i2c.o
 *fill*         0x0000000008001ac6        0x2 
 .text.HAL_I2C_Init
                0x0000000008001ac8      0x11c build/stm32f4xx_hal_i2c.o
                0x0000000008001ac8                HAL_I2C_Init
 .text.HAL_I2C_Mem_Write
                0x0000000008001be4      0x17c build/stm32f4xx_hal_i2c.o
                0x0000000008001be4                HAL_I2C_Mem_Write
 .text.HAL_I2C_Mem_Read
                0x0000000008001d60      0x2e8 build/stm32f4xx_hal_i2c.o
                0x0000000008001d60                HAL_I2C_Mem_Read
 .text.HAL_I2CEx_ConfigAnalogFilter
                0x0000000008002048       0x44 build/stm32f4xx_hal_i2c_ex.o
                0x0000000008002048                HAL_I2CEx_ConfigAnalogFilter
 .text.HAL_I2CEx_ConfigDigitalFilter
                0x000000000800208c       0x42 build/stm32f4xx_hal_i2c_ex.o
                0x000000000800208c                HAL_I2CEx_ConfigDigitalFilter
 *fill*         0x00000000080020ce        0x2 
 .text.UART_SetConfig
                0x00000000080020d0      0x334 build/stm32f4xx_hal_uart.o
 .text.UART_WaitOnFlagUntilTimeout
                0x0000000008002404       0x62 build/stm32f4xx_hal_uart.o
 .text.HAL_UART_Init
                0x0000000008002466       0x5e build/stm32f4xx_hal_uart.o
                0x0000000008002466                HAL_UART_Init
 .text.HAL_UART_Transmit
                0x00000000080024c4       0xe0 build/stm32f4xx_hal_uart.o
                0x00000000080024c4                HAL_UART_Transmit
 .text.HAL_RCC_OscConfig
                0x00000000080025a4      0x398 build/stm32f4xx_hal_rcc.o
                0x00000000080025a4                HAL_RCC_OscConfig
 .text.HAL_RCC_GetSysClockFreq
                0x000000000800293c       0xd8 build/stm32f4xx_hal_rcc.o
                0x000000000800293c                HAL_RCC_GetSysClockFreq
 .text.HAL_RCC_ClockConfig
                0x0000000008002a14      0x158 build/stm32f4xx_hal_rcc.o
                0x0000000008002a14                HAL_RCC_ClockConfig
 .text.HAL_RCC_GetHCLKFreq
                0x0000000008002b6c        0xc build/stm32f4xx_hal_rcc.o
                0x0000000008002b6c                HAL_RCC_GetHCLKFreq
 .text.HAL_RCC_GetPCLK1Freq
                0x0000000008002b78       0x20 build/stm32f4xx_hal_rcc.o
                0x0000000008002b78                HAL_RCC_GetPCLK1Freq
 .text.HAL_RCC_GetPCLK2Freq
                0x0000000008002b98       0x20 build/stm32f4xx_hal_rcc.o
                0x0000000008002b98                HAL_RCC_GetPCLK2Freq
 .text.HAL_GPIO_Init
                0x0000000008002bb8      0x1e0 build/stm32f4xx_hal_gpio.o
                0x0000000008002bb8                HAL_GPIO_Init
 .text.HAL_GPIO_WritePin
                0x0000000008002d98        0xc build/stm32f4xx_hal_gpio.o
                0x0000000008002d98                HAL_GPIO_WritePin
 .text.HAL_PWREx_EnableOverDrive
                0x0000000008002da4       0x80 build/stm32f4xx_hal_pwr_ex.o
                0x0000000008002da4                HAL_PWREx_EnableOverDrive
 .text.HAL_NVIC_SetPriorityGrouping
                0x0000000008002e24       0x24 build/stm32f4xx_hal_cortex.o
                0x0000000008002e24                HAL_NVIC_SetPriorityGrouping
 .text.HAL_NVIC_SetPriority
                0x0000000008002e48       0x68 build/stm32f4xx_hal_cortex.o
                0x0000000008002e48                HAL_NVIC_SetPriority
 .text.HAL_SYSTICK_Config
                0x0000000008002eb0       0x2c build/stm32f4xx_hal_cortex.o
                0x0000000008002eb0                HAL_SYSTICK_Config
 .text.HAL_InitTick
                0x0000000008002edc       0x4c build/stm32f4xx_hal.o
                0x0000000008002edc                HAL_InitTick
 .text.HAL_Init
                0x0000000008002f28       0x34 build/stm32f4xx_hal.o
                0x0000000008002f28                HAL_Init
 .text.HAL_IncTick
                0x0000000008002f5c       0x18 build/stm32f4xx_hal.o
                0x0000000008002f5c                HAL_IncTick
 .text.HAL_GetTick
                0x0000000008002f74        0xc build/stm32f4xx_hal.o
                0x0000000008002f74                HAL_GetTick
 .text.HAL_Delay
                0x0000000008002f80       0x28 build/stm32f4xx_hal.o
                0x0000000008002f80                HAL_Delay
 .text.SystemInit
                0x0000000008002fa8       0x4c build/system_stm32f4xx.o
                0x0000000008002fa8                SystemInit
 .text.Reset_Handler
                0x0000000008002ff4       0x50 build/startup_stm32f429xx.o
                0x0000000008002ff4                Reset_Handler
 .text.Default_Handler
                0x0000000008003044        0x2 build/startup_stm32f429xx.o
                0x0000000008003044                RTC_Alarm_IRQHandler
                0x0000000008003044                HASH_RNG_IRQHandler
                0x0000000008003044                EXTI2_IRQHandler
                0x0000000008003044                TIM8_CC_IRQHandler
                0x0000000008003044                UART8_IRQHandler
                0x0000000008003044                SPI4_IRQHandler
                0x0000000008003044                TIM1_CC_IRQHandler
                0x0000000008003044                DMA2_Stream5_IRQHandler
                0x0000000008003044                DMA1_Stream5_IRQHandler
                0x0000000008003044                PVD_IRQHandler
                0x0000000008003044                SDIO_IRQHandler
                0x0000000008003044                TAMP_STAMP_IRQHandler
                0x0000000008003044                CAN2_RX1_IRQHandler
                0x0000000008003044                EXTI3_IRQHandler
                0x0000000008003044                TIM8_TRG_COM_TIM14_IRQHandler
                0x0000000008003044                TIM1_UP_TIM10_IRQHandler
                0x0000000008003044                TIM8_UP_TIM13_IRQHandler
                0x0000000008003044                I2C3_ER_IRQHandler
                0x0000000008003044                EXTI0_IRQHandler
                0x0000000008003044                I2C2_EV_IRQHandler
                0x0000000008003044                DMA1_Stream2_IRQHandler
                0x0000000008003044                CAN1_RX0_IRQHandler
                0x0000000008003044                FPU_IRQHandler
                0x0000000008003044                OTG_HS_WKUP_IRQHandler
                0x0000000008003044                LTDC_ER_IRQHandler
                0x0000000008003044                CAN2_SCE_IRQHandler
                0x0000000008003044                DMA2_Stream2_IRQHandler
                0x0000000008003044                SPI1_IRQHandler
                0x0000000008003044                TIM6_DAC_IRQHandler
                0x0000000008003044                TIM1_BRK_TIM9_IRQHandler
                0x0000000008003044                DCMI_IRQHandler
                0x0000000008003044                CAN2_RX0_IRQHandler
                0x0000000008003044                DMA2_Stream3_IRQHandler
                0x0000000008003044                USART6_IRQHandler
                0x0000000008003044                USART3_IRQHandler
                0x0000000008003044                CAN1_RX1_IRQHandler
                0x0000000008003044                UART5_IRQHandler
                0x0000000008003044                DMA2_Stream0_IRQHandler
                0x0000000008003044                TIM4_IRQHandler
                0x0000000008003044                I2C1_EV_IRQHandler
                0x0000000008003044                DMA1_Stream6_IRQHandler
                0x0000000008003044                DMA1_Stream1_IRQHandler
                0x0000000008003044                UART4_IRQHandler
                0x0000000008003044                TIM3_IRQHandler
                0x0000000008003044                RCC_IRQHandler
                0x0000000008003044                TIM8_BRK_TIM12_IRQHandler
                0x0000000008003044                Default_Handler
                0x0000000008003044                EXTI15_10_IRQHandler
                0x0000000008003044                ADC_IRQHandler
                0x0000000008003044                DMA1_Stream7_IRQHandler
                0x0000000008003044                SPI5_IRQHandler
                0x0000000008003044                TIM7_IRQHandler
                0x0000000008003044                CAN2_TX_IRQHandler
                0x0000000008003044                TIM5_IRQHandler
                0x0000000008003044                DMA2_Stream7_IRQHandler
                0x0000000008003044                I2C3_EV_IRQHandler
                0x0000000008003044                EXTI9_5_IRQHandler
                0x0000000008003044                RTC_WKUP_IRQHandler
                0x0000000008003044                LTDC_IRQHandler
                0x0000000008003044                ETH_WKUP_IRQHandler
                0x0000000008003044                SPI2_IRQHandler
                0x0000000008003044                OTG_HS_EP1_IN_IRQHandler
                0x0000000008003044                DMA1_Stream0_IRQHandler
                0x0000000008003044                CAN1_TX_IRQHandler
                0x0000000008003044                EXTI4_IRQHandler
                0x0000000008003044                ETH_IRQHandler
                0x0000000008003044                OTG_HS_EP1_OUT_IRQHandler
                0x0000000008003044                WWDG_IRQHandler
                0x0000000008003044                SPI6_IRQHandler
                0x0000000008003044                TIM2_IRQHandler
                0x0000000008003044                OTG_FS_WKUP_IRQHandler
                0x0000000008003044                TIM1_TRG_COM_TIM11_IRQHandler
                0x0000000008003044                OTG_HS_IRQHandler
                0x0000000008003044                DMA2D_IRQHandler
                0x0000000008003044                EXTI1_IRQHandler
                0x0000000008003044                UART7_IRQHandler
                0x0000000008003044                USART2_IRQHandler
                0x0000000008003044                I2C2_ER_IRQHandler
                0x0000000008003044                DMA2_Stream1_IRQHandler
                0x0000000008003044                CAN1_SCE_IRQHandler
                0x0000000008003044                FLASH_IRQHandler
                0x0000000008003044                DMA2_Stream4_IRQHandler
                0x0000000008003044                USART1_IRQHandler
                0x0000000008003044                OTG_FS_IRQHandler
                0x0000000008003044                SPI3_IRQHandler
                0x0000000008003044                DMA1_Stream4_IRQHandler
                0x0000000008003044                I2C1_ER_IRQHandler
                0x0000000008003044                FMC_IRQHandler
                0x0000000008003044                DMA2_Stream6_IRQHandler
                0x0000000008003044                SAI1_IRQHandler
                0x0000000008003044                DMA1_Stream3_IRQHandler
 *fill*         0x0000000008003046        0x2 
 .text.__libc_init_array
                0x0000000008003048       0x48 /opt/gcc-arm-none-eabi-7-2018-q2-update/bin/../lib/gcc/arm-none-eabi/7.3.1/../../../../arm-none-eabi/lib/thumb/v7e-m/fpv4-sp/hard/libc_nano.a(lib_a-init.o)
                0x0000000008003048                __libc_init_array
 .text.memset   0x0000000008003090       0x10 /opt/gcc-arm-none-eabi-7-2018-q2-update/bin/../lib/gcc/arm-none-eabi/7.3.1/../../../../arm-none-eabi/lib/thumb/v7e-m/fpv4-sp/hard/libc_nano.a(lib_a-memset.o)
                0x0000000008003090                memset
 .text.printf   0x00000000080030a0       0x30 /opt/gcc-arm-none-eabi-7-2018-q2-update/bin/../lib/gcc/arm-none-eabi/7.3.1/../../../../arm-none-eabi/lib/thumb/v7e-m/fpv4-sp/hard/libc_nano.a(lib_a-printf.o)
                0x00000000080030a0                printf
                0x00000000080030a0                iprintf
 .text._puts_r  0x00000000080030d0       0xb8 /opt/gcc-arm-none-eabi-7-2018-q2-update/bin/../lib/gcc/arm-none-eabi/7.3.1/../../../../arm-none-eabi/lib/thumb/v7e-m/fpv4-sp/hard/libc_nano.a(lib_a-puts.o)
                0x00000000080030d0                _puts_r
 .text.puts     0x0000000008003188       0x10 /opt/gcc-arm-none-eabi-7-2018-q2-update/bin/../lib/gcc/arm-none-eabi/7.3.1/../../../../arm-none-eabi/lib/thumb/v7e-m/fpv4-sp/hard/libc_nano.a(lib_a-puts.o)
                0x0000000008003188                puts
 .text.__swbuf_r
                0x0000000008003198       0xa4 /opt/gcc-arm-none-eabi-7-2018-q2-update/bin/../lib/gcc/arm-none-eabi/7.3.1/../../../../arm-none-eabi/lib/thumb/v7e-m/fpv4-sp/hard/libc_nano.a(lib_a-wbuf.o)
                0x0000000008003198                __swbuf_r
 .text.__swsetup_r
                0x000000000800323c       0xdc /opt/gcc-arm-none-eabi-7-2018-q2-update/bin/../lib/gcc/arm-none-eabi/7.3.1/../../../../arm-none-eabi/lib/thumb/v7e-m/fpv4-sp/hard/libc_nano.a(lib_a-wsetup.o)
                0x000000000800323c                __swsetup_r
 .text.__sflush_r
                0x0000000008003318      0x10c /opt/gcc-arm-none-eabi-7-2018-q2-update/bin/../lib/gcc/arm-none-eabi/7.3.1/../../../../arm-none-eabi/lib/thumb/v7e-m/fpv4-sp/hard/libc_nano.a(lib_a-fflush.o)
                0x0000000008003318                __sflush_r
 .text._fflush_r
                0x0000000008003424       0x54 /opt/gcc-arm-none-eabi-7-2018-q2-update/bin/../lib/gcc/arm-none-eabi/7.3.1/../../../../arm-none-eabi/lib/thumb/v7e-m/fpv4-sp/hard/libc_nano.a(lib_a-fflush.o)
                0x0000000008003424                _fflush_r
 .text.std      0x0000000008003478       0x48 /opt/gcc-arm-none-eabi-7-2018-q2-update/bin/../lib/gcc/arm-none-eabi/7.3.1/../../../../arm-none-eabi/lib/thumb/v7e-m/fpv4-sp/hard/libc_nano.a(lib_a-findfp.o)
 .text._cleanup_r
                0x00000000080034c0        0xc /opt/gcc-arm-none-eabi-7-2018-q2-update/bin/../lib/gcc/arm-none-eabi/7.3.1/../../../../arm-none-eabi/lib/thumb/v7e-m/fpv4-sp/hard/libc_nano.a(lib_a-findfp.o)
                0x00000000080034c0                _cleanup_r
 .text.__sfmoreglue
                0x00000000080034cc       0x2c /opt/gcc-arm-none-eabi-7-2018-q2-update/bin/../lib/gcc/arm-none-eabi/7.3.1/../../../../arm-none-eabi/lib/thumb/v7e-m/fpv4-sp/hard/libc_nano.a(lib_a-findfp.o)
                0x00000000080034cc                __sfmoreglue
 .text.__sinit  0x00000000080034f8       0x60 /opt/gcc-arm-none-eabi-7-2018-q2-update/bin/../lib/gcc/arm-none-eabi/7.3.1/../../../../arm-none-eabi/lib/thumb/v7e-m/fpv4-sp/hard/libc_nano.a(lib_a-findfp.o)
                0x00000000080034f8                __sinit
 .text.__sfp    0x0000000008003558       0x78 /opt/gcc-arm-none-eabi-7-2018-q2-update/bin/../lib/gcc/arm-none-eabi/7.3.1/../../../../arm-none-eabi/lib/thumb/v7e-m/fpv4-sp/hard/libc_nano.a(lib_a-findfp.o)
                0x0000000008003558                __sfp
 .text._fwalk_reent
                0x00000000080035d0       0x3c /opt/gcc-arm-none-eabi-7-2018-q2-update/bin/../lib/gcc/arm-none-eabi/7.3.1/../../../../arm-none-eabi/lib/thumb/v7e-m/fpv4-sp/hard/libc_nano.a(lib_a-fwalk.o)
                0x00000000080035d0                _fwalk_reent
 .text.__swhatbuf_r
                0x000000000800360c       0x48 /opt/gcc-arm-none-eabi-7-2018-q2-update/bin/../lib/gcc/arm-none-eabi/7.3.1/../../../../arm-none-eabi/lib/thumb/v7e-m/fpv4-sp/hard/libc_nano.a(lib_a-makebuf.o)
                0x000000000800360c                __swhatbuf_r
 .text.__smakebuf_r
                0x0000000008003654       0x80 /opt/gcc-arm-none-eabi-7-2018-q2-update/bin/../lib/gcc/arm-none-eabi/7.3.1/../../../../arm-none-eabi/lib/thumb/v7e-m/fpv4-sp/hard/libc_nano.a(lib_a-makebuf.o)
                0x0000000008003654                __smakebuf_r
 .text._free_r  0x00000000080036d4       0x9c /opt/gcc-arm-none-eabi-7-2018-q2-update/bin/../lib/gcc/arm-none-eabi/7.3.1/../../../../arm-none-eabi/lib/thumb/v7e-m/fpv4-sp/hard/libc_nano.a(lib_a-nano-freer.o)
                0x00000000080036d4                _free_r
 .text._malloc_r
                0x0000000008003770       0xb4 /opt/gcc-arm-none-eabi-7-2018-q2-update/bin/../lib/gcc/arm-none-eabi/7.3.1/../../../../arm-none-eabi/lib/thumb/v7e-m/fpv4-sp/hard/libc_nano.a(lib_a-nano-mallocr.o)
                0x0000000008003770                _malloc_r
 .text.__sfputc_r
                0x0000000008003824       0x2e /opt/gcc-arm-none-eabi-7-2018-q2-update/bin/../lib/gcc/arm-none-eabi/7.3.1/../../../../arm-none-eabi/lib/thumb/v7e-m/fpv4-sp/hard/libc_nano.a(lib_a-nano-vfprintf.o)
 .text.__sfputs_r
                0x0000000008003852       0x24 /opt/gcc-arm-none-eabi-7-2018-q2-update/bin/../lib/gcc/arm-none-eabi/7.3.1/../../../../arm-none-eabi/lib/thumb/v7e-m/fpv4-sp/hard/libc_nano.a(lib_a-nano-vfprintf.o)
                0x0000000008003852                __sfputs_r
 *fill*         0x0000000008003876        0x2 
 .text._vfprintf_r
                0x0000000008003878      0x22c /opt/gcc-arm-none-eabi-7-2018-q2-update/bin/../lib/gcc/arm-none-eabi/7.3.1/../../../../arm-none-eabi/lib/thumb/v7e-m/fpv4-sp/hard/libc_nano.a(lib_a-nano-vfprintf.o)
                0x0000000008003878                _vfiprintf_r
                0x0000000008003878                _vfprintf_r
 .text._printf_common
                0x0000000008003aa4       0xea /opt/gcc-arm-none-eabi-7-2018-q2-update/bin/../lib/gcc/arm-none-eabi/7.3.1/../../../../arm-none-eabi/lib/thumb/v7e-m/fpv4-sp/hard/libc_nano.a(lib_a-nano-vfprintf_i.o)
                0x0000000008003aa4                _printf_common
 *fill*         0x0000000008003b8e        0x2 
 .text._printf_i
                0x0000000008003b90      0x224 /opt/gcc-arm-none-eabi-7-2018-q2-update/bin/../lib/gcc/arm-none-eabi/7.3.1/../../../../arm-none-eabi/lib/thumb/v7e-m/fpv4-sp/hard/libc_nano.a(lib_a-nano-vfprintf_i.o)
                0x0000000008003b90                _printf_i
 .text._sbrk_r  0x0000000008003db4       0x20 /opt/gcc-arm-none-eabi-7-2018-q2-update/bin/../lib/gcc/arm-none-eabi/7.3.1/../../../../arm-none-eabi/lib/thumb/v7e-m/fpv4-sp/hard/libc_nano.a(lib_a-sbrkr.o)
                0x0000000008003db4                _sbrk_r
 .text.__sread  0x0000000008003dd4       0x22 /opt/gcc-arm-none-eabi-7-2018-q2-update/bin/../lib/gcc/arm-none-eabi/7.3.1/../../../../arm-none-eabi/lib/thumb/v7e-m/fpv4-sp/hard/libc_nano.a(lib_a-stdio.o)
                0x0000000008003dd4                __sread
 .text.__swrite
                0x0000000008003df6       0x38 /opt/gcc-arm-none-eabi-7-2018-q2-update/bin/../lib/gcc/arm-none-eabi/7.3.1/../../../../arm-none-eabi/lib/thumb/v7e-m/fpv4-sp/hard/libc_nano.a(lib_a-stdio.o)
                0x0000000008003df6                __swrite
 .text.__sseek  0x0000000008003e2e       0x24 /opt/gcc-arm-none-eabi-7-2018-q2-update/bin/../lib/gcc/arm-none-eabi/7.3.1/../../../../arm-none-eabi/lib/thumb/v7e-m/fpv4-sp/hard/libc_nano.a(lib_a-stdio.o)
                0x0000000008003e2e                __sseek
 .text.__sclose
                0x0000000008003e52        0x8 /opt/gcc-arm-none-eabi-7-2018-q2-update/bin/../lib/gcc/arm-none-eabi/7.3.1/../../../../arm-none-eabi/lib/thumb/v7e-m/fpv4-sp/hard/libc_nano.a(lib_a-stdio.o)
                0x0000000008003e52                __sclose
 *fill*         0x0000000008003e5a        0x2 
 .text._write_r
                0x0000000008003e5c       0x24 /opt/gcc-arm-none-eabi-7-2018-q2-update/bin/../lib/gcc/arm-none-eabi/7.3.1/../../../../arm-none-eabi/lib/thumb/v7e-m/fpv4-sp/hard/libc_nano.a(lib_a-writer.o)
                0x0000000008003e5c                _write_r
 .text._close_r
                0x0000000008003e80       0x20 /opt/gcc-arm-none-eabi-7-2018-q2-update/bin/../lib/gcc/arm-none-eabi/7.3.1/../../../../arm-none-eabi/lib/thumb/v7e-m/fpv4-sp/hard/libc_nano.a(lib_a-closer.o)
                0x0000000008003e80                _close_r
 .text._fstat_r
                0x0000000008003ea0       0x24 /opt/gcc-arm-none-eabi-7-2018-q2-update/bin/../lib/gcc/arm-none-eabi/7.3.1/../../../../arm-none-eabi/lib/thumb/v7e-m/fpv4-sp/hard/libc_nano.a(lib_a-fstatr.o)
                0x0000000008003ea0                _fstat_r
 .text._isatty_r
                0x0000000008003ec4       0x20 /opt/gcc-arm-none-eabi-7-2018-q2-update/bin/../lib/gcc/arm-none-eabi/7.3.1/../../../../arm-none-eabi/lib/thumb/v7e-m/fpv4-sp/hard/libc_nano.a(lib_a-isattyr.o)
                0x0000000008003ec4                _isatty_r
 .text._lseek_r
                0x0000000008003ee4       0x24 /opt/gcc-arm-none-eabi-7-2018-q2-update/bin/../lib/gcc/arm-none-eabi/7.3.1/../../../../arm-none-eabi/lib/thumb/v7e-m/fpv4-sp/hard/libc_nano.a(lib_a-lseekr.o)
                0x0000000008003ee4                _lseek_r
 .text.__malloc_lock
                0x0000000008003f08        0x2 /opt/gcc-arm-none-eabi-7-2018-q2-update/bin/../lib/gcc/arm-none-eabi/7.3.1/../../../../arm-none-eabi/lib/thumb/v7e-m/fpv4-sp/hard/libc_nano.a(lib_a-mlock.o)
                0x0000000008003f08                __malloc_lock
 .text.__malloc_unlock
                0x0000000008003f0a        0x2 /opt/gcc-arm-none-eabi-7-2018-q2-update/bin/../lib/gcc/arm-none-eabi/7.3.1/../../../../arm-none-eabi/lib/thumb/v7e-m/fpv4-sp/hard/libc_nano.a(lib_a-mlock.o)
                0x0000000008003f0a                __malloc_unlock
 .text._read_r  0x0000000008003f0c       0x24 /opt/gcc-arm-none-eabi-7-2018-q2-update/bin/../lib/gcc/arm-none-eabi/7.3.1/../../../../arm-none-eabi/lib/thumb/v7e-m/fpv4-sp/hard/libc_nano.a(lib_a-readr.o)
                0x0000000008003f0c                _read_r
 .text._close   0x0000000008003f30       0x10 /opt/gcc-arm-none-eabi-7-2018-q2-update/bin/../lib/gcc/arm-none-eabi/7.3.1/../../../../arm-none-eabi/lib/thumb/v7e-m/fpv4-sp/hard/libnosys.a(close.o)
                0x0000000008003f30                _close
 .text._fstat   0x0000000008003f40       0x10 /opt/gcc-arm-none-eabi-7-2018-q2-update/bin/../lib/gcc/arm-none-eabi/7.3.1/../../../../arm-none-eabi/lib/thumb/v7e-m/fpv4-sp/hard/libnosys.a(fstat.o)
                0x0000000008003f40                _fstat
 .text._isatty  0x0000000008003f50       0x10 /opt/gcc-arm-none-eabi-7-2018-q2-update/bin/../lib/gcc/arm-none-eabi/7.3.1/../../../../arm-none-eabi/lib/thumb/v7e-m/fpv4-sp/hard/libnosys.a(isatty.o)
                0x0000000008003f50                _isatty
 .text._lseek   0x0000000008003f60       0x10 /opt/gcc-arm-none-eabi-7-2018-q2-update/bin/../lib/gcc/arm-none-eabi/7.3.1/../../../../arm-none-eabi/lib/thumb/v7e-m/fpv4-sp/hard/libnosys.a(lseek.o)
                0x0000000008003f60                _lseek
 .text._read    0x0000000008003f70       0x10 /opt/gcc-arm-none-eabi-7-2018-q2-update/bin/../lib/gcc/arm-none-eabi/7.3.1/../../../../arm-none-eabi/lib/thumb/v7e-m/fpv4-sp/hard/libnosys.a(read.o)
                0x0000000008003f70                _read
 .text._sbrk    0x0000000008003f80       0x1c /opt/gcc-arm-none-eabi-7-2018-q2-update/bin/../lib/gcc/arm-none-eabi/7.3.1/../../../../arm-none-eabi/lib/thumb/v7e-m/fpv4-sp/hard/libnosys.a(sbrk.o)
                0x0000000008003f80                _sbrk
 *(.glue_7)
 .glue_7        0x0000000008003f9c        0x0 linker stubs
 *(.glue_7t)
 .glue_7t       0x0000000008003f9c        0x0 linker stubs
 *(.eh_frame)
 .eh_frame      0x0000000008003f9c        0x0 /opt/gcc-arm-none-eabi-7-2018-q2-update/bin/../lib/gcc/arm-none-eabi/7.3.1/thumb/v7e-m/fpv4-sp/hard/crtbegin.o
 *(.init)
 .init          0x0000000008003f9c        0x4 /opt/gcc-arm-none-eabi-7-2018-q2-update/bin/../lib/gcc/arm-none-eabi/7.3.1/thumb/v7e-m/fpv4-sp/hard/crti.o
                0x0000000008003f9c                _init
 .init          0x0000000008003fa0        0x8 /opt/gcc-arm-none-eabi-7-2018-q2-update/bin/../lib/gcc/arm-none-eabi/7.3.1/thumb/v7e-m/fpv4-sp/hard/crtn.o
 *(.fini)
 .fini          0x0000000008003fa8        0x4 /opt/gcc-arm-none-eabi-7-2018-q2-update/bin/../lib/gcc/arm-none-eabi/7.3.1/thumb/v7e-m/fpv4-sp/hard/crti.o
                0x0000000008003fa8                _fini
 .fini          0x0000000008003fac        0x8 /opt/gcc-arm-none-eabi-7-2018-q2-update/bin/../lib/gcc/arm-none-eabi/7.3.1/thumb/v7e-m/fpv4-sp/hard/crtn.o
                0x0000000008003fb4                . = ALIGN (0x4)
                0x0000000008003fb4                _etext = .

.vfp11_veneer   0x0000000008003fb4        0x0
 .vfp11_veneer  0x0000000008003fb4        0x0 linker stubs

.v4_bx          0x0000000008003fb4        0x0
 .v4_bx         0x0000000008003fb4        0x0 linker stubs

.iplt           0x0000000008003fb4        0x0
 .iplt          0x0000000008003fb4        0x0 /opt/gcc-arm-none-eabi-7-2018-q2-update/bin/../lib/gcc/arm-none-eabi/7.3.1/thumb/v7e-m/fpv4-sp/hard/crtbegin.o

.rodata         0x0000000008003fb4       0xe4
                0x0000000008003fb4                . = ALIGN (0x4)
 *(.rodata)
 *(.rodata*)
 .rodata._write.str1.4
                0x0000000008003fb4        0x2 build/main.o
 *fill*         0x0000000008003fb6        0x2 
 .rodata.main.str1.4
                0x0000000008003fb8       0x23 build/main.o
 *fill*         0x0000000008003fdb        0x1 
 .rodata.print_float.str1.4
                0x0000000008003fdc        0xc build/main.o
                                          0xb (size before relaxing)
 .rodata.AHBPrescTable
                0x0000000008003fe8       0x10 build/system_stm32f4xx.o
                0x0000000008003fe8                AHBPrescTable
 .rodata.APBPrescTable
                0x0000000008003ff8        0x8 build/system_stm32f4xx.o
                0x0000000008003ff8                APBPrescTable
 .rodata._global_impure_ptr
                0x0000000008004000        0x4 /opt/gcc-arm-none-eabi-7-2018-q2-update/bin/../lib/gcc/arm-none-eabi/7.3.1/../../../../arm-none-eabi/lib/thumb/v7e-m/fpv4-sp/hard/libc_nano.a(lib_a-impure.o)
                0x0000000008004000                _global_impure_ptr
 .rodata.__sf_fake_stderr
                0x0000000008004004       0x20 /opt/gcc-arm-none-eabi-7-2018-q2-update/bin/../lib/gcc/arm-none-eabi/7.3.1/../../../../arm-none-eabi/lib/thumb/v7e-m/fpv4-sp/hard/libc_nano.a(lib_a-findfp.o)
                0x0000000008004004                __sf_fake_stderr
 .rodata.__sf_fake_stdin
                0x0000000008004024       0x20 /opt/gcc-arm-none-eabi-7-2018-q2-update/bin/../lib/gcc/arm-none-eabi/7.3.1/../../../../arm-none-eabi/lib/thumb/v7e-m/fpv4-sp/hard/libc_nano.a(lib_a-findfp.o)
                0x0000000008004024                __sf_fake_stdin
 .rodata.__sf_fake_stdout
                0x0000000008004044       0x20 /opt/gcc-arm-none-eabi-7-2018-q2-update/bin/../lib/gcc/arm-none-eabi/7.3.1/../../../../arm-none-eabi/lib/thumb/v7e-m/fpv4-sp/hard/libc_nano.a(lib_a-findfp.o)
                0x0000000008004044                __sf_fake_stdout
 .rodata._vfprintf_r.str1.1
                0x0000000008004064       0x11 /opt/gcc-arm-none-eabi-7-2018-q2-update/bin/../lib/gcc/arm-none-eabi/7.3.1/../../../../arm-none-eabi/lib/thumb/v7e-m/fpv4-sp/hard/libc_nano.a(lib_a-nano-vfprintf.o)
 .rodata._printf_i.str1.1
                0x0000000008004075       0x22 /opt/gcc-arm-none-eabi-7-2018-q2-update/bin/../lib/gcc/arm-none-eabi/7.3.1/../../../../arm-none-eabi/lib/thumb/v7e-m/fpv4-sp/hard/libc_nano.a(lib_a-nano-vfprintf_i.o)
                0x0000000008004098                . = ALIGN (0x4)
 *fill*         0x0000000008004097        0x1 

.ARM.extab
 *(.ARM.extab* .gnu.linkonce.armextab.*)

.ARM            0x0000000008004098        0x8
                0x0000000008004098                __exidx_start = .
 *(.ARM.exidx*)
 .ARM.exidx     0x0000000008004098        0x8 /opt/gcc-arm-none-eabi-7-2018-q2-update/bin/../lib/gcc/arm-none-eabi/7.3.1/thumb/v7e-m/fpv4-sp/hard/libgcc.a(_udivmoddi4.o)
                0x00000000080040a0                __exidx_end = .

.rel.dyn        0x00000000080040a0        0x0
 .rel.iplt      0x00000000080040a0        0x0 /opt/gcc-arm-none-eabi-7-2018-q2-update/bin/../lib/gcc/arm-none-eabi/7.3.1/thumb/v7e-m/fpv4-sp/hard/crtbegin.o

.preinit_array  0x00000000080040a0        0x0
                0x00000000080040a0                PROVIDE (__preinit_array_start = .)
 *(.preinit_array*)
                0x00000000080040a0                PROVIDE (__preinit_array_end = .)

.init_array     0x00000000080040a0        0x4
                0x00000000080040a0                PROVIDE (__init_array_start = .)
 *(SORT_BY_NAME(.init_array.*))
 *(.init_array*)
 .init_array    0x00000000080040a0        0x4 /opt/gcc-arm-none-eabi-7-2018-q2-update/bin/../lib/gcc/arm-none-eabi/7.3.1/thumb/v7e-m/fpv4-sp/hard/crtbegin.o
                0x00000000080040a4                PROVIDE (__init_array_end = .)

.fini_array     0x00000000080040a4        0x4
                [!provide]                        PROVIDE (__fini_array_start = .)
 *(SORT_BY_NAME(.fini_array.*))
 *(.fini_array*)
 .fini_array    0x00000000080040a4        0x4 /opt/gcc-arm-none-eabi-7-2018-q2-update/bin/../lib/gcc/arm-none-eabi/7.3.1/thumb/v7e-m/fpv4-sp/hard/crtbegin.o
                [!provide]                        PROVIDE (__fini_array_end = .)
                0x00000000080040a8                _sidata = LOADADDR (.data)

.data           0x0000000020000000       0x70 load address 0x00000000080040a8
                0x0000000020000000                . = ALIGN (0x4)
                0x0000000020000000                _sdata = .
 *(.data)
 *(.data*)
 .data.uwTickFreq
                0x0000000020000000        0x1 build/stm32f4xx_hal.o
                0x0000000020000000                uwTickFreq
 *fill*         0x0000000020000001        0x3 
 .data.uwTickPrio
                0x0000000020000004        0x4 build/stm32f4xx_hal.o
                0x0000000020000004                uwTickPrio
 .data.SystemCoreClock
                0x0000000020000008        0x4 build/system_stm32f4xx.o
                0x0000000020000008                SystemCoreClock
 .data._impure_ptr
                0x000000002000000c        0x4 /opt/gcc-arm-none-eabi-7-2018-q2-update/bin/../lib/gcc/arm-none-eabi/7.3.1/../../../../arm-none-eabi/lib/thumb/v7e-m/fpv4-sp/hard/libc_nano.a(lib_a-impure.o)
                0x000000002000000c                _impure_ptr
 .data.impure_data
                0x0000000020000010       0x60 /opt/gcc-arm-none-eabi-7-2018-q2-update/bin/../lib/gcc/arm-none-eabi/7.3.1/../../../../arm-none-eabi/lib/thumb/v7e-m/fpv4-sp/hard/libc_nano.a(lib_a-impure.o)
                0x0000000020000070                . = ALIGN (0x4)
                0x0000000020000070                _edata = .
                0x0000000008004118                _siccmram = LOADADDR (.ccmram)

.igot.plt       0x0000000020000070        0x0 load address 0x0000000008004118
 .igot.plt      0x0000000020000070        0x0 /opt/gcc-arm-none-eabi-7-2018-q2-update/bin/../lib/gcc/arm-none-eabi/7.3.1/thumb/v7e-m/fpv4-sp/hard/crtbegin.o

.ccmram         0x0000000010000000        0x0 load address 0x0000000008004118
                0x0000000010000000                . = ALIGN (0x4)
                0x0000000010000000                _sccmram = .
 *(.ccmram)
 *(.ccmram*)
                0x0000000010000000                . = ALIGN (0x4)
                0x0000000010000000                _eccmram = .
                0x0000000010000000                . = ALIGN (0x4)

.bss            0x0000000020000070       0xc4
                0x0000000020000070                _sbss = .
                0x0000000020000070                __bss_start__ = _sbss
 *(.bss)
 .bss           0x0000000020000070       0x1c /opt/gcc-arm-none-eabi-7-2018-q2-update/bin/../lib/gcc/arm-none-eabi/7.3.1/thumb/v7e-m/fpv4-sp/hard/crtbegin.o
 *(.bss*)
 .bss.__malloc_free_list
                0x000000002000008c        0x4 /opt/gcc-arm-none-eabi-7-2018-q2-update/bin/../lib/gcc/arm-none-eabi/7.3.1/../../../../arm-none-eabi/lib/thumb/v7e-m/fpv4-sp/hard/libc_nano.a(lib_a-nano-mallocr.o)
                0x000000002000008c                __malloc_free_list
 .bss.__malloc_sbrk_start
                0x0000000020000090        0x4 /opt/gcc-arm-none-eabi-7-2018-q2-update/bin/../lib/gcc/arm-none-eabi/7.3.1/../../../../arm-none-eabi/lib/thumb/v7e-m/fpv4-sp/hard/libc_nano.a(lib_a-nano-mallocr.o)
                0x0000000020000090                __malloc_sbrk_start
 .bss.heap_end.5377
                0x0000000020000094        0x4 /opt/gcc-arm-none-eabi-7-2018-q2-update/bin/../lib/gcc/arm-none-eabi/7.3.1/../../../../arm-none-eabi/lib/thumb/v7e-m/fpv4-sp/hard/libnosys.a(sbrk.o)
 *(COMMON)
 COMMON         0x0000000020000098       0x94 build/main.o
                0x0000000020000098                hi2c3
                0x00000000200000ec                huart1
 COMMON         0x000000002000012c        0x4 build/stm32f4xx_hal.o
                0x000000002000012c                uwTick
 COMMON         0x0000000020000130        0x4 /opt/gcc-arm-none-eabi-7-2018-q2-update/bin/../lib/gcc/arm-none-eabi/7.3.1/../../../../arm-none-eabi/lib/thumb/v7e-m/fpv4-sp/hard/libc_nano.a(lib_a-reent.o)
                0x0000000020000130                errno
                0x0000000020000134                . = ALIGN (0x4)
                0x0000000020000134                _ebss = .
                0x0000000020000134                __bss_end__ = _ebss

._user_heap_stack
                0x0000000020000134      0x604
                0x0000000020000138                . = ALIGN (0x8)
 *fill*         0x0000000020000134        0x4 
                0x0000000020000138                PROVIDE (end = .)
                [!provide]                        PROVIDE (_end = .)
                0x0000000020000338                . = (. + _Min_Heap_Size)
 *fill*         0x0000000020000138      0x200 
                0x0000000020000738                . = (. + _Min_Stack_Size)
 *fill*         0x0000000020000338      0x400 
                0x0000000020000738                . = ALIGN (0x8)

/DISCARD/
 libc.a(*)
 libm.a(*)
 libgcc.a(*)

.ARM.attributes
                0x0000000000000000       0x30
 *(.ARM.attributes)
 .ARM.attributes
                0x0000000000000000       0x22 /opt/gcc-arm-none-eabi-7-2018-q2-update/bin/../lib/gcc/arm-none-eabi/7.3.1/thumb/v7e-m/fpv4-sp/hard/crti.o
 .ARM.attributes
                0x0000000000000022       0x34 /opt/gcc-arm-none-eabi-7-2018-q2-update/bin/../lib/gcc/arm-none-eabi/7.3.1/thumb/v7e-m/fpv4-sp/hard/crtbegin.o
 .ARM.attributes
                0x0000000000000056       0x39 build/main.o
 .ARM.attributes
                0x000000000000008f       0x39 build/MAX30102.o
 .ARM.attributes
                0x00000000000000c8       0x39 build/stm32f4xx_it.o
 .ARM.attributes
                0x0000000000000101       0x39 build/stm32f4xx_hal_msp.o
 .ARM.attributes
                0x000000000000013a       0x39 build/stm32f4xx_hal_i2c.o
 .ARM.attributes
                0x0000000000000173       0x39 build/stm32f4xx_hal_i2c_ex.o
 .ARM.attributes
                0x00000000000001ac       0x39 build/stm32f4xx_hal_uart.o
 .ARM.attributes
                0x00000000000001e5       0x39 build/stm32f4xx_hal_rcc.o
 .ARM.attributes
                0x000000000000021e       0x39 build/stm32f4xx_hal_gpio.o
 .ARM.attributes
                0x0000000000000257       0x39 build/stm32f4xx_hal_pwr_ex.o
 .ARM.attributes
                0x0000000000000290       0x39 build/stm32f4xx_hal_cortex.o
 .ARM.attributes
                0x00000000000002c9       0x39 build/stm32f4xx_hal.o
 .ARM.attributes
                0x0000000000000302       0x39 build/system_stm32f4xx.o
 .ARM.attributes
                0x000000000000033b       0x21 build/startup_stm32f429xx.o
 .ARM.attributes
                0x000000000000035c       0x34 /opt/gcc-arm-none-eabi-7-2018-q2-update/bin/../lib/gcc/arm-none-eabi/7.3.1/../../../../arm-none-eabi/lib/thumb/v7e-m/fpv4-sp/hard/libc_nano.a(lib_a-impure.o)
 .ARM.attributes
                0x0000000000000390       0x34 /opt/gcc-arm-none-eabi-7-2018-q2-update/bin/../lib/gcc/arm-none-eabi/7.3.1/../../../../arm-none-eabi/lib/thumb/v7e-m/fpv4-sp/hard/libc_nano.a(lib_a-init.o)
 .ARM.attributes
                0x00000000000003c4       0x34 /opt/gcc-arm-none-eabi-7-2018-q2-update/bin/../lib/gcc/arm-none-eabi/7.3.1/../../../../arm-none-eabi/lib/thumb/v7e-m/fpv4-sp/hard/libc_nano.a(lib_a-memset.o)
 .ARM.attributes
                0x00000000000003f8       0x34 /opt/gcc-arm-none-eabi-7-2018-q2-update/bin/../lib/gcc/arm-none-eabi/7.3.1/../../../../arm-none-eabi/lib/thumb/v7e-m/fpv4-sp/hard/libc_nano.a(lib_a-printf.o)
 .ARM.attributes
                0x000000000000042c       0x34 /opt/gcc-arm-none-eabi-7-2018-q2-update/bin/../lib/gcc/arm-none-eabi/7.3.1/../../../../arm-none-eabi/lib/thumb/v7e-m/fpv4-sp/hard/libc_nano.a(lib_a-puts.o)
 .ARM.attributes
                0x0000000000000460       0x34 /opt/gcc-arm-none-eabi-7-2018-q2-update/bin/../lib/gcc/arm-none-eabi/7.3.1/../../../../arm-none-eabi/lib/thumb/v7e-m/fpv4-sp/hard/libc_nano.a(lib_a-wbuf.o)
 .ARM.attributes
                0x0000000000000494       0x34 /opt/gcc-arm-none-eabi-7-2018-q2-update/bin/../lib/gcc/arm-none-eabi/7.3.1/../../../../arm-none-eabi/lib/thumb/v7e-m/fpv4-sp/hard/libc_nano.a(lib_a-wsetup.o)
 .ARM.attributes
                0x00000000000004c8       0x34 /opt/gcc-arm-none-eabi-7-2018-q2-update/bin/../lib/gcc/arm-none-eabi/7.3.1/../../../../arm-none-eabi/lib/thumb/v7e-m/fpv4-sp/hard/libc_nano.a(lib_a-fflush.o)
 .ARM.attributes
                0x00000000000004fc       0x34 /opt/gcc-arm-none-eabi-7-2018-q2-update/bin/../lib/gcc/arm-none-eabi/7.3.1/../../../../arm-none-eabi/lib/thumb/v7e-m/fpv4-sp/hard/libc_nano.a(lib_a-findfp.o)
 .ARM.attributes
                0x0000000000000530       0x34 /opt/gcc-arm-none-eabi-7-2018-q2-update/bin/../lib/gcc/arm-none-eabi/7.3.1/../../../../arm-none-eabi/lib/thumb/v7e-m/fpv4-sp/hard/libc_nano.a(lib_a-fwalk.o)
 .ARM.attributes
                0x0000000000000564       0x34 /opt/gcc-arm-none-eabi-7-2018-q2-update/bin/../lib/gcc/arm-none-eabi/7.3.1/../../../../arm-none-eabi/lib/thumb/v7e-m/fpv4-sp/hard/libc_nano.a(lib_a-makebuf.o)
 .ARM.attributes
                0x0000000000000598       0x34 /opt/gcc-arm-none-eabi-7-2018-q2-update/bin/../lib/gcc/arm-none-eabi/7.3.1/../../../../arm-none-eabi/lib/thumb/v7e-m/fpv4-sp/hard/libc_nano.a(lib_a-nano-freer.o)
 .ARM.attributes
                0x00000000000005cc       0x34 /opt/gcc-arm-none-eabi-7-2018-q2-update/bin/../lib/gcc/arm-none-eabi/7.3.1/../../../../arm-none-eabi/lib/thumb/v7e-m/fpv4-sp/hard/libc_nano.a(lib_a-nano-mallocr.o)
 .ARM.attributes
                0x0000000000000600       0x34 /opt/gcc-arm-none-eabi-7-2018-q2-update/bin/../lib/gcc/arm-none-eabi/7.3.1/../../../../arm-none-eabi/lib/thumb/v7e-m/fpv4-sp/hard/libc_nano.a(lib_a-nano-vfprintf.o)
 .ARM.attributes
                0x0000000000000634       0x34 /opt/gcc-arm-none-eabi-7-2018-q2-update/bin/../lib/gcc/arm-none-eabi/7.3.1/../../../../arm-none-eabi/lib/thumb/v7e-m/fpv4-sp/hard/libc_nano.a(lib_a-nano-vfprintf_i.o)
 .ARM.attributes
                0x0000000000000668       0x34 /opt/gcc-arm-none-eabi-7-2018-q2-update/bin/../lib/gcc/arm-none-eabi/7.3.1/../../../../arm-none-eabi/lib/thumb/v7e-m/fpv4-sp/hard/libc_nano.a(lib_a-sbrkr.o)
 .ARM.attributes
                0x000000000000069c       0x34 /opt/gcc-arm-none-eabi-7-2018-q2-update/bin/../lib/gcc/arm-none-eabi/7.3.1/../../../../arm-none-eabi/lib/thumb/v7e-m/fpv4-sp/hard/libc_nano.a(lib_a-stdio.o)
 .ARM.attributes
                0x00000000000006d0       0x34 /opt/gcc-arm-none-eabi-7-2018-q2-update/bin/../lib/gcc/arm-none-eabi/7.3.1/../../../../arm-none-eabi/lib/thumb/v7e-m/fpv4-sp/hard/libc_nano.a(lib_a-writer.o)
 .ARM.attributes
                0x0000000000000704       0x34 /opt/gcc-arm-none-eabi-7-2018-q2-update/bin/../lib/gcc/arm-none-eabi/7.3.1/../../../../arm-none-eabi/lib/thumb/v7e-m/fpv4-sp/hard/libc_nano.a(lib_a-closer.o)
 .ARM.attributes
                0x0000000000000738       0x34 /opt/gcc-arm-none-eabi-7-2018-q2-update/bin/../lib/gcc/arm-none-eabi/7.3.1/../../../../arm-none-eabi/lib/thumb/v7e-m/fpv4-sp/hard/libc_nano.a(lib_a-fstatr.o)
 .ARM.attributes
                0x000000000000076c       0x34 /opt/gcc-arm-none-eabi-7-2018-q2-update/bin/../lib/gcc/arm-none-eabi/7.3.1/../../../../arm-none-eabi/lib/thumb/v7e-m/fpv4-sp/hard/libc_nano.a(lib_a-isattyr.o)
 .ARM.attributes
                0x00000000000007a0       0x34 /opt/gcc-arm-none-eabi-7-2018-q2-update/bin/../lib/gcc/arm-none-eabi/7.3.1/../../../../arm-none-eabi/lib/thumb/v7e-m/fpv4-sp/hard/libc_nano.a(lib_a-lseekr.o)
 .ARM.attributes
                0x00000000000007d4       0x20 /opt/gcc-arm-none-eabi-7-2018-q2-update/bin/../lib/gcc/arm-none-eabi/7.3.1/../../../../arm-none-eabi/lib/thumb/v7e-m/fpv4-sp/hard/libc_nano.a(lib_a-memchr.o)
 .ARM.attributes
                0x00000000000007f4       0x34 /opt/gcc-arm-none-eabi-7-2018-q2-update/bin/../lib/gcc/arm-none-eabi/7.3.1/../../../../arm-none-eabi/lib/thumb/v7e-m/fpv4-sp/hard/libc_nano.a(lib_a-mlock.o)
 .ARM.attributes
                0x0000000000000828       0x34 /opt/gcc-arm-none-eabi-7-2018-q2-update/bin/../lib/gcc/arm-none-eabi/7.3.1/../../../../arm-none-eabi/lib/thumb/v7e-m/fpv4-sp/hard/libc_nano.a(lib_a-readr.o)
 .ARM.attributes
                0x000000000000085c       0x34 /opt/gcc-arm-none-eabi-7-2018-q2-update/bin/../lib/gcc/arm-none-eabi/7.3.1/../../../../arm-none-eabi/lib/thumb/v7e-m/fpv4-sp/hard/libc_nano.a(lib_a-reent.o)
 .ARM.attributes
                0x0000000000000890       0x34 /opt/gcc-arm-none-eabi-7-2018-q2-update/bin/../lib/gcc/arm-none-eabi/7.3.1/../../../../arm-none-eabi/lib/thumb/v7e-m/fpv4-sp/hard/libnosys.a(close.o)
 .ARM.attributes
                0x00000000000008c4       0x34 /opt/gcc-arm-none-eabi-7-2018-q2-update/bin/../lib/gcc/arm-none-eabi/7.3.1/../../../../arm-none-eabi/lib/thumb/v7e-m/fpv4-sp/hard/libnosys.a(fstat.o)
 .ARM.attributes
                0x00000000000008f8       0x34 /opt/gcc-arm-none-eabi-7-2018-q2-update/bin/../lib/gcc/arm-none-eabi/7.3.1/../../../../arm-none-eabi/lib/thumb/v7e-m/fpv4-sp/hard/libnosys.a(isatty.o)
 .ARM.attributes
                0x000000000000092c       0x34 /opt/gcc-arm-none-eabi-7-2018-q2-update/bin/../lib/gcc/arm-none-eabi/7.3.1/../../../../arm-none-eabi/lib/thumb/v7e-m/fpv4-sp/hard/libnosys.a(lseek.o)
 .ARM.attributes
                0x0000000000000960       0x34 /opt/gcc-arm-none-eabi-7-2018-q2-update/bin/../lib/gcc/arm-none-eabi/7.3.1/../../../../arm-none-eabi/lib/thumb/v7e-m/fpv4-sp/hard/libnosys.a(read.o)
 .ARM.attributes
                0x0000000000000994       0x34 /opt/gcc-arm-none-eabi-7-2018-q2-update/bin/../lib/gcc/arm-none-eabi/7.3.1/../../../../arm-none-eabi/lib/thumb/v7e-m/fpv4-sp/hard/libnosys.a(sbrk.o)
 .ARM.attributes
                0x00000000000009c8       0x22 /opt/gcc-arm-none-eabi-7-2018-q2-update/bin/../lib/gcc/arm-none-eabi/7.3.1/thumb/v7e-m/fpv4-sp/hard/libgcc.a(_arm_addsubdf3.o)
 .ARM.attributes
                0x00000000000009ea       0x22 /opt/gcc-arm-none-eabi-7-2018-q2-update/bin/../lib/gcc/arm-none-eabi/7.3.1/thumb/v7e-m/fpv4-sp/hard/libgcc.a(_arm_muldivdf3.o)
 .ARM.attributes
                0x0000000000000a0c       0x22 /opt/gcc-arm-none-eabi-7-2018-q2-update/bin/../lib/gcc/arm-none-eabi/7.3.1/thumb/v7e-m/fpv4-sp/hard/libgcc.a(_arm_truncdfsf2.o)
 .ARM.attributes
                0x0000000000000a2e       0x22 /opt/gcc-arm-none-eabi-7-2018-q2-update/bin/../lib/gcc/arm-none-eabi/7.3.1/thumb/v7e-m/fpv4-sp/hard/libgcc.a(_aeabi_uldivmod.o)
 .ARM.attributes
                0x0000000000000a50       0x34 /opt/gcc-arm-none-eabi-7-2018-q2-update/bin/../lib/gcc/arm-none-eabi/7.3.1/thumb/v7e-m/fpv4-sp/hard/libgcc.a(_udivmoddi4.o)
 .ARM.attributes
                0x0000000000000a84       0x22 /opt/gcc-arm-none-eabi-7-2018-q2-update/bin/../lib/gcc/arm-none-eabi/7.3.1/thumb/v7e-m/fpv4-sp/hard/libgcc.a(_dvmd_tls.o)
 .ARM.attributes
                0x0000000000000aa6       0x22 /opt/gcc-arm-none-eabi-7-2018-q2-update/bin/../lib/gcc/arm-none-eabi/7.3.1/thumb/v7e-m/fpv4-sp/hard/crtn.o
OUTPUT(build/max30102-f429.elf elf32-littlearm)

.debug_info     0x0000000000000000    0x137e7
 .debug_info    0x0000000000000000     0x210f build/main.o
 .debug_info    0x000000000000210f     0x15e2 build/MAX30102.o
 .debug_info    0x00000000000036f1      0xafd build/stm32f4xx_it.o
 .debug_info    0x00000000000041ee     0x1764 build/stm32f4xx_hal_msp.o
 .debug_info    0x0000000000005952     0x399f build/stm32f4xx_hal_i2c.o
 .debug_info    0x00000000000092f1     0x1063 build/stm32f4xx_hal_i2c_ex.o
 .debug_info    0x000000000000a354     0x2172 build/stm32f4xx_hal_uart.o
 .debug_info    0x000000000000c4c6     0x1438 build/stm32f4xx_hal_rcc.o
 .debug_info    0x000000000000d8fe     0x112f build/stm32f4xx_hal_gpio.o
 .debug_info    0x000000000000ea2d     0x119a build/stm32f4xx_hal_pwr_ex.o
 .debug_info    0x000000000000fbc7     0x194b build/stm32f4xx_hal_cortex.o
 .debug_info    0x0000000000011512     0x1411 build/stm32f4xx_hal.o
 .debug_info    0x0000000000012923      0xea2 build/system_stm32f4xx.o
 .debug_info    0x00000000000137c5       0x22 build/startup_stm32f429xx.o

.debug_abbrev   0x0000000000000000     0x2358
 .debug_abbrev  0x0000000000000000      0x328 build/main.o
 .debug_abbrev  0x0000000000000328      0x256 build/MAX30102.o
 .debug_abbrev  0x000000000000057e      0x1c9 build/stm32f4xx_it.o
 .debug_abbrev  0x0000000000000747      0x22e build/stm32f4xx_hal_msp.o
 .debug_abbrev  0x0000000000000975      0x32e build/stm32f4xx_hal_i2c.o
 .debug_abbrev  0x0000000000000ca3      0x1f7 build/stm32f4xx_hal_i2c_ex.o
 .debug_abbrev  0x0000000000000e9a      0x375 build/stm32f4xx_hal_uart.o
 .debug_abbrev  0x000000000000120f      0x32f build/stm32f4xx_hal_rcc.o
 .debug_abbrev  0x000000000000153e      0x2be build/stm32f4xx_hal_gpio.o
 .debug_abbrev  0x00000000000017fc      0x2a7 build/stm32f4xx_hal_pwr_ex.o
 .debug_abbrev  0x0000000000001aa3      0x3dc build/stm32f4xx_hal_cortex.o
 .debug_abbrev  0x0000000000001e7f      0x2e1 build/stm32f4xx_hal.o
 .debug_abbrev  0x0000000000002160      0x1e6 build/system_stm32f4xx.o
 .debug_abbrev  0x0000000000002346       0x12 build/startup_stm32f429xx.o

.debug_loc      0x0000000000000000     0x77d3
 .debug_loc     0x0000000000000000      0x551 build/main.o
 .debug_loc     0x0000000000000551      0x282 build/MAX30102.o
 .debug_loc     0x00000000000007d3       0x20 build/stm32f4xx_it.o
 .debug_loc     0x00000000000007f3      0x1e8 build/stm32f4xx_hal_msp.o
 .debug_loc     0x00000000000009db     0x3c81 build/stm32f4xx_hal_i2c.o
 .debug_loc     0x000000000000465c      0x102 build/stm32f4xx_hal_i2c_ex.o
 .debug_loc     0x000000000000475e     0x1a3f build/stm32f4xx_hal_uart.o
 .debug_loc     0x000000000000619d      0x555 build/stm32f4xx_hal_rcc.o
 .debug_loc     0x00000000000066f2      0x531 build/stm32f4xx_hal_gpio.o
 .debug_loc     0x0000000000006c23      0x277 build/stm32f4xx_hal_pwr_ex.o
 .debug_loc     0x0000000000006e9a      0x65e build/stm32f4xx_hal_cortex.o
 .debug_loc     0x00000000000074f8      0x19d build/stm32f4xx_hal.o
 .debug_loc     0x0000000000007695      0x13e build/system_stm32f4xx.o

.debug_aranges  0x0000000000000000      0x8d0
 .debug_aranges
                0x0000000000000000       0x60 build/main.o
 .debug_aranges
                0x0000000000000060       0x48 build/MAX30102.o
 .debug_aranges
                0x00000000000000a8       0x60 build/stm32f4xx_it.o
 .debug_aranges
                0x0000000000000108       0x40 build/stm32f4xx_hal_msp.o
 .debug_aranges
                0x0000000000000148      0x268 build/stm32f4xx_hal_i2c.o
 .debug_aranges
                0x00000000000003b0       0x28 build/stm32f4xx_hal_i2c_ex.o
 .debug_aranges
                0x00000000000003d8      0x1d0 build/stm32f4xx_hal_uart.o
 .debug_aranges
                0x00000000000005a8       0x88 build/stm32f4xx_hal_rcc.o
 .debug_aranges
                0x0000000000000630       0x58 build/stm32f4xx_hal_gpio.o
 .debug_aranges
                0x0000000000000688       0x60 build/stm32f4xx_hal_pwr_ex.o
 .debug_aranges
                0x00000000000006e8       0xa8 build/stm32f4xx_hal_cortex.o
 .debug_aranges
                0x0000000000000790       0xf0 build/stm32f4xx_hal.o
 .debug_aranges
                0x0000000000000880       0x28 build/system_stm32f4xx.o
 .debug_aranges
                0x00000000000008a8       0x28 build/startup_stm32f429xx.o

.debug_ranges   0x0000000000000000      0x870
 .debug_ranges  0x0000000000000000       0x50 build/main.o
 .debug_ranges  0x0000000000000050       0x38 build/MAX30102.o
 .debug_ranges  0x0000000000000088       0x50 build/stm32f4xx_it.o
 .debug_ranges  0x00000000000000d8       0x30 build/stm32f4xx_hal_msp.o
 .debug_ranges  0x0000000000000108      0x258 build/stm32f4xx_hal_i2c.o
 .debug_ranges  0x0000000000000360       0x18 build/stm32f4xx_hal_i2c_ex.o
 .debug_ranges  0x0000000000000378      0x1c0 build/stm32f4xx_hal_uart.o
 .debug_ranges  0x0000000000000538       0x90 build/stm32f4xx_hal_rcc.o
 .debug_ranges  0x00000000000005c8       0x48 build/stm32f4xx_hal_gpio.o
 .debug_ranges  0x0000000000000610       0x50 build/stm32f4xx_hal_pwr_ex.o
 .debug_ranges  0x0000000000000660       0xf8 build/stm32f4xx_hal_cortex.o
 .debug_ranges  0x0000000000000758       0xe0 build/stm32f4xx_hal.o
 .debug_ranges  0x0000000000000838       0x18 build/system_stm32f4xx.o
 .debug_ranges  0x0000000000000850       0x20 build/startup_stm32f429xx.o

.debug_line     0x0000000000000000     0x473b
 .debug_line    0x0000000000000000      0x4f7 build/main.o
 .debug_line    0x00000000000004f7      0x2df build/MAX30102.o
 .debug_line    0x00000000000007d6      0x283 build/stm32f4xx_it.o
 .debug_line    0x0000000000000a59      0x30c build/stm32f4xx_hal_msp.o
 .debug_line    0x0000000000000d65     0x140f build/stm32f4xx_hal_i2c.o
 .debug_line    0x0000000000002174      0x28b build/stm32f4xx_hal_i2c_ex.o
 .debug_line    0x00000000000023ff      0xb97 build/stm32f4xx_hal_uart.o
 .debug_line    0x0000000000002f96      0x506 build/stm32f4xx_hal_rcc.o
 .debug_line    0x000000000000349c      0x3e4 build/stm32f4xx_hal_gpio.o
 .debug_line    0x0000000000003880      0x350 build/stm32f4xx_hal_pwr_ex.o
 .debug_line    0x0000000000003bd0      0x480 build/stm32f4xx_hal_cortex.o
 .debug_line    0x0000000000004050      0x464 build/stm32f4xx_hal.o
 .debug_line    0x00000000000044b4      0x213 build/system_stm32f4xx.o
 .debug_line    0x00000000000046c7       0x74 build/startup_stm32f429xx.o

.debug_str      0x0000000000000000     0x3004
 .debug_str     0x0000000000000000     0x1044 build/main.o
                                       0x113b (size before relaxing)
 .debug_str     0x0000000000001044       0xc6 build/MAX30102.o
                                        0xda8 (size before relaxing)
 .debug_str     0x000000000000110a       0xaf build/stm32f4xx_it.o
                                        0x672 (size before relaxing)
 .debug_str     0x00000000000011b9       0xa2 build/stm32f4xx_hal_msp.o
                                        0xe62 (size before relaxing)
 .debug_str     0x000000000000125b      0x7ec build/stm32f4xx_hal_i2c.o
                                       0x134d (size before relaxing)
 .debug_str     0x0000000000001a47       0x38 build/stm32f4xx_hal_i2c_ex.o
                                        0xb79 (size before relaxing)
 .debug_str     0x0000000000001a7f      0x508 build/stm32f4xx_hal_uart.o
                                       0x1004 (size before relaxing)
 .debug_str     0x0000000000001f87      0x1a0 build/stm32f4xx_hal_rcc.o
                                        0xae8 (size before relaxing)
 .debug_str     0x0000000000002127      0x120 build/stm32f4xx_hal_gpio.o
                                        0x915 (size before relaxing)
 .debug_str     0x0000000000002247      0x19b build/stm32f4xx_hal_pwr_ex.o
                                        0x90c (size before relaxing)
 .debug_str     0x00000000000023e2      0x90a build/stm32f4xx_hal_cortex.o
                                       0x1090 (size before relaxing)
 .debug_str     0x0000000000002cec      0x2b2 build/stm32f4xx_hal.o
                                       0x1007 (size before relaxing)
 .debug_str     0x0000000000002f9e       0x42 build/system_stm32f4xx.o
                                        0x779 (size before relaxing)
 .debug_str     0x0000000000002fe0       0x24 build/startup_stm32f429xx.o
                                         0x4c (size before relaxing)

.comment        0x0000000000000000       0x7f
 .comment       0x0000000000000000       0x7f build/main.o
                                         0x80 (size before relaxing)
 .comment       0x000000000000007f       0x80 build/MAX30102.o
 .comment       0x000000000000007f       0x80 build/stm32f4xx_it.o
 .comment       0x000000000000007f       0x80 build/stm32f4xx_hal_msp.o
 .comment       0x000000000000007f       0x80 build/stm32f4xx_hal_i2c.o
 .comment       0x000000000000007f       0x80 build/stm32f4xx_hal_i2c_ex.o
 .comment       0x000000000000007f       0x80 build/stm32f4xx_hal_uart.o
 .comment       0x000000000000007f       0x80 build/stm32f4xx_hal_rcc.o
 .comment       0x000000000000007f       0x80 build/stm32f4xx_hal_gpio.o
 .comment       0x000000000000007f       0x80 build/stm32f4xx_hal_pwr_ex.o
 .comment       0x000000000000007f       0x80 build/stm32f4xx_hal_cortex.o
 .comment       0x000000000000007f       0x80 build/stm32f4xx_hal.o
 .comment       0x000000000000007f       0x80 build/system_stm32f4xx.o

.debug_frame    0x0000000000000000     0x235c
 .debug_frame   0x0000000000000000      0x138 build/main.o
 .debug_frame   0x0000000000000138       0xd8 build/MAX30102.o
 .debug_frame   0x0000000000000210       0xac build/stm32f4xx_it.o
 .debug_frame   0x00000000000002bc       0xb4 build/stm32f4xx_hal_msp.o
 .debug_frame   0x0000000000000370      0x964 build/stm32f4xx_hal_i2c.o
 .debug_frame   0x0000000000000cd4       0x30 build/stm32f4xx_hal_i2c_ex.o
 .debug_frame   0x0000000000000d04      0x57c build/stm32f4xx_hal_uart.o
 .debug_frame   0x0000000000001280      0x1c4 build/stm32f4xx_hal_rcc.o
 .debug_frame   0x0000000000001444       0xec build/stm32f4xx_hal_gpio.o
 .debug_frame   0x0000000000001530      0x100 build/stm32f4xx_hal_pwr_ex.o
 .debug_frame   0x0000000000001630      0x16c build/stm32f4xx_hal_cortex.o
 .debug_frame   0x000000000000179c      0x200 build/stm32f4xx_hal.o
 .debug_frame   0x000000000000199c       0x30 build/system_stm32f4xx.o
 .debug_frame   0x00000000000019cc       0x2c /opt/gcc-arm-none-eabi-7-2018-q2-update/bin/../lib/gcc/arm-none-eabi/7.3.1/../../../../arm-none-eabi/lib/thumb/v7e-m/fpv4-sp/hard/libc_nano.a(lib_a-init.o)
 .debug_frame   0x00000000000019f8       0x20 /opt/gcc-arm-none-eabi-7-2018-q2-update/bin/../lib/gcc/arm-none-eabi/7.3.1/../../../../arm-none-eabi/lib/thumb/v7e-m/fpv4-sp/hard/libc_nano.a(lib_a-memset.o)
 .debug_frame   0x0000000000001a18       0x74 /opt/gcc-arm-none-eabi-7-2018-q2-update/bin/../lib/gcc/arm-none-eabi/7.3.1/../../../../arm-none-eabi/lib/thumb/v7e-m/fpv4-sp/hard/libc_nano.a(lib_a-printf.o)
 .debug_frame   0x0000000000001a8c       0x3c /opt/gcc-arm-none-eabi-7-2018-q2-update/bin/../lib/gcc/arm-none-eabi/7.3.1/../../../../arm-none-eabi/lib/thumb/v7e-m/fpv4-sp/hard/libc_nano.a(lib_a-puts.o)
 .debug_frame   0x0000000000001ac8       0x40 /opt/gcc-arm-none-eabi-7-2018-q2-update/bin/../lib/gcc/arm-none-eabi/7.3.1/../../../../arm-none-eabi/lib/thumb/v7e-m/fpv4-sp/hard/libc_nano.a(lib_a-wbuf.o)
 .debug_frame   0x0000000000001b08       0x2c /opt/gcc-arm-none-eabi-7-2018-q2-update/bin/../lib/gcc/arm-none-eabi/7.3.1/../../../../arm-none-eabi/lib/thumb/v7e-m/fpv4-sp/hard/libc_nano.a(lib_a-wsetup.o)
 .debug_frame   0x0000000000001b34       0x68 /opt/gcc-arm-none-eabi-7-2018-q2-update/bin/../lib/gcc/arm-none-eabi/7.3.1/../../../../arm-none-eabi/lib/thumb/v7e-m/fpv4-sp/hard/libc_nano.a(lib_a-fflush.o)
 .debug_frame   0x0000000000001b9c      0x11c /opt/gcc-arm-none-eabi-7-2018-q2-update/bin/../lib/gcc/arm-none-eabi/7.3.1/../../../../arm-none-eabi/lib/thumb/v7e-m/fpv4-sp/hard/libc_nano.a(lib_a-findfp.o)
 .debug_frame   0x0000000000001cb8       0x54 /opt/gcc-arm-none-eabi-7-2018-q2-update/bin/../lib/gcc/arm-none-eabi/7.3.1/../../../../arm-none-eabi/lib/thumb/v7e-m/fpv4-sp/hard/libc_nano.a(lib_a-fwalk.o)
 .debug_frame   0x0000000000001d0c       0x58 /opt/gcc-arm-none-eabi-7-2018-q2-update/bin/../lib/gcc/arm-none-eabi/7.3.1/../../../../arm-none-eabi/lib/thumb/v7e-m/fpv4-sp/hard/libc_nano.a(lib_a-makebuf.o)
 .debug_frame   0x0000000000001d64       0x38 /opt/gcc-arm-none-eabi-7-2018-q2-update/bin/../lib/gcc/arm-none-eabi/7.3.1/../../../../arm-none-eabi/lib/thumb/v7e-m/fpv4-sp/hard/libc_nano.a(lib_a-nano-freer.o)
 .debug_frame   0x0000000000001d9c       0x2c /opt/gcc-arm-none-eabi-7-2018-q2-update/bin/../lib/gcc/arm-none-eabi/7.3.1/../../../../arm-none-eabi/lib/thumb/v7e-m/fpv4-sp/hard/libc_nano.a(lib_a-nano-mallocr.o)
 .debug_frame   0x0000000000001dc8       0xac /opt/gcc-arm-none-eabi-7-2018-q2-update/bin/../lib/gcc/arm-none-eabi/7.3.1/../../../../arm-none-eabi/lib/thumb/v7e-m/fpv4-sp/hard/libc_nano.a(lib_a-nano-vfprintf.o)
 .debug_frame   0x0000000000001e74       0x60 /opt/gcc-arm-none-eabi-7-2018-q2-update/bin/../lib/gcc/arm-none-eabi/7.3.1/../../../../arm-none-eabi/lib/thumb/v7e-m/fpv4-sp/hard/libc_nano.a(lib_a-nano-vfprintf_i.o)
 .debug_frame   0x0000000000001ed4       0x2c /opt/gcc-arm-none-eabi-7-2018-q2-update/bin/../lib/gcc/arm-none-eabi/7.3.1/../../../../arm-none-eabi/lib/thumb/v7e-m/fpv4-sp/hard/libc_nano.a(lib_a-sbrkr.o)
 .debug_frame   0x0000000000001f00       0x88 /opt/gcc-arm-none-eabi-7-2018-q2-update/bin/../lib/gcc/arm-none-eabi/7.3.1/../../../../arm-none-eabi/lib/thumb/v7e-m/fpv4-sp/hard/libc_nano.a(lib_a-stdio.o)
 .debug_frame   0x0000000000001f88       0x2c /opt/gcc-arm-none-eabi-7-2018-q2-update/bin/../lib/gcc/arm-none-eabi/7.3.1/../../../../arm-none-eabi/lib/thumb/v7e-m/fpv4-sp/hard/libc_nano.a(lib_a-writer.o)
 .debug_frame   0x0000000000001fb4       0x2c /opt/gcc-arm-none-eabi-7-2018-q2-update/bin/../lib/gcc/arm-none-eabi/7.3.1/../../../../arm-none-eabi/lib/thumb/v7e-m/fpv4-sp/hard/libc_nano.a(lib_a-closer.o)
 .debug_frame   0x0000000000001fe0       0x2c /opt/gcc-arm-none-eabi-7-2018-q2-update/bin/../lib/gcc/arm-none-eabi/7.3.1/../../../../arm-none-eabi/lib/thumb/v7e-m/fpv4-sp/hard/libc_nano.a(lib_a-fstatr.o)
 .debug_frame   0x000000000000200c       0x2c /opt/gcc-arm-none-eabi-7-2018-q2-update/bin/../lib/gcc/arm-none-eabi/7.3.1/../../../../arm-none-eabi/lib/thumb/v7e-m/fpv4-sp/hard/libc_nano.a(lib_a-isattyr.o)
 .debug_frame   0x0000000000002038       0x2c /opt/gcc-arm-none-eabi-7-2018-q2-update/bin/../lib/gcc/arm-none-eabi/7.3.1/../../../../arm-none-eabi/lib/thumb/v7e-m/fpv4-sp/hard/libc_nano.a(lib_a-lseekr.o)
 .debug_frame   0x0000000000002064       0x30 /opt/gcc-arm-none-eabi-7-2018-q2-update/bin/../lib/gcc/arm-none-eabi/7.3.1/../../../../arm-none-eabi/lib/thumb/v7e-m/fpv4-sp/hard/libc_nano.a(lib_a-mlock.o)
 .debug_frame   0x0000000000002094       0x2c /opt/gcc-arm-none-eabi-7-2018-q2-update/bin/../lib/gcc/arm-none-eabi/7.3.1/../../../../arm-none-eabi/lib/thumb/v7e-m/fpv4-sp/hard/libc_nano.a(lib_a-readr.o)
 .debug_frame   0x00000000000020c0       0x5c /opt/gcc-arm-none-eabi-7-2018-q2-update/bin/../lib/gcc/arm-none-eabi/7.3.1/../../../../arm-none-eabi/lib/thumb/v7e-m/fpv4-sp/hard/libc_nano.a(lib_a-reent.o)
 .debug_frame   0x000000000000211c       0x20 /opt/gcc-arm-none-eabi-7-2018-q2-update/bin/../lib/gcc/arm-none-eabi/7.3.1/../../../../arm-none-eabi/lib/thumb/v7e-m/fpv4-sp/hard/libnosys.a(close.o)
 .debug_frame   0x000000000000213c       0x20 /opt/gcc-arm-none-eabi-7-2018-q2-update/bin/../lib/gcc/arm-none-eabi/7.3.1/../../../../arm-none-eabi/lib/thumb/v7e-m/fpv4-sp/hard/libnosys.a(fstat.o)
 .debug_frame   0x000000000000215c       0x20 /opt/gcc-arm-none-eabi-7-2018-q2-update/bin/../lib/gcc/arm-none-eabi/7.3.1/../../../../arm-none-eabi/lib/thumb/v7e-m/fpv4-sp/hard/libnosys.a(isatty.o)
 .debug_frame   0x000000000000217c       0x20 /opt/gcc-arm-none-eabi-7-2018-q2-update/bin/../lib/gcc/arm-none-eabi/7.3.1/../../../../arm-none-eabi/lib/thumb/v7e-m/fpv4-sp/hard/libnosys.a(lseek.o)
 .debug_frame   0x000000000000219c       0x20 /opt/gcc-arm-none-eabi-7-2018-q2-update/bin/../lib/gcc/arm-none-eabi/7.3.1/../../../../arm-none-eabi/lib/thumb/v7e-m/fpv4-sp/hard/libnosys.a(read.o)
 .debug_frame   0x00000000000021bc       0x20 /opt/gcc-arm-none-eabi-7-2018-q2-update/bin/../lib/gcc/arm-none-eabi/7.3.1/../../../../arm-none-eabi/lib/thumb/v7e-m/fpv4-sp/hard/libnosys.a(sbrk.o)
 .debug_frame   0x00000000000021dc       0xac /opt/gcc-arm-none-eabi-7-2018-q2-update/bin/../lib/gcc/arm-none-eabi/7.3.1/thumb/v7e-m/fpv4-sp/hard/libgcc.a(_arm_addsubdf3.o)
 .debug_frame   0x0000000000002288       0x50 /opt/gcc-arm-none-eabi-7-2018-q2-update/bin/../lib/gcc/arm-none-eabi/7.3.1/thumb/v7e-m/fpv4-sp/hard/libgcc.a(_arm_muldivdf3.o)
 .debug_frame   0x00000000000022d8       0x24 /opt/gcc-arm-none-eabi-7-2018-q2-update/bin/../lib/gcc/arm-none-eabi/7.3.1/thumb/v7e-m/fpv4-sp/hard/libgcc.a(_arm_truncdfsf2.o)
 .debug_frame   0x00000000000022fc       0x2c /opt/gcc-arm-none-eabi-7-2018-q2-update/bin/../lib/gcc/arm-none-eabi/7.3.1/thumb/v7e-m/fpv4-sp/hard/libgcc.a(_aeabi_uldivmod.o)
 .debug_frame   0x0000000000002328       0x34 /opt/gcc-arm-none-eabi-7-2018-q2-update/bin/../lib/gcc/arm-none-eabi/7.3.1/thumb/v7e-m/fpv4-sp/hard/libgcc.a(_udivmoddi4.o)

.stab           0x0000000000000000       0x84
 .stab          0x0000000000000000       0x24 /opt/gcc-arm-none-eabi-7-2018-q2-update/bin/../lib/gcc/arm-none-eabi/7.3.1/../../../../arm-none-eabi/lib/thumb/v7e-m/fpv4-sp/hard/libnosys.a(close.o)
 .stab          0x0000000000000024       0x18 /opt/gcc-arm-none-eabi-7-2018-q2-update/bin/../lib/gcc/arm-none-eabi/7.3.1/../../../../arm-none-eabi/lib/thumb/v7e-m/fpv4-sp/hard/libnosys.a(fstat.o)
                                         0x24 (size before relaxing)
 .stab          0x000000000000003c       0x18 /opt/gcc-arm-none-eabi-7-2018-q2-update/bin/../lib/gcc/arm-none-eabi/7.3.1/../../../../arm-none-eabi/lib/thumb/v7e-m/fpv4-sp/hard/libnosys.a(isatty.o)
                                         0x24 (size before relaxing)
 .stab          0x0000000000000054       0x18 /opt/gcc-arm-none-eabi-7-2018-q2-update/bin/../lib/gcc/arm-none-eabi/7.3.1/../../../../arm-none-eabi/lib/thumb/v7e-m/fpv4-sp/hard/libnosys.a(lseek.o)
                                         0x24 (size before relaxing)
 .stab          0x000000000000006c       0x18 /opt/gcc-arm-none-eabi-7-2018-q2-update/bin/../lib/gcc/arm-none-eabi/7.3.1/../../../../arm-none-eabi/lib/thumb/v7e-m/fpv4-sp/hard/libnosys.a(read.o)
                                         0x24 (size before relaxing)

.stabstr        0x0000000000000000      0x117
 .stabstr       0x0000000000000000      0x117 /opt/gcc-arm-none-eabi-7-2018-q2-update/bin/../lib/gcc/arm-none-eabi/7.3.1/../../../../arm-none-eabi/lib/thumb/v7e-m/fpv4-sp/hard/libnosys.a(close.o)

Cross Reference Table

Symbol                                            File
ADC_IRQHandler                                    build/startup_stm32f429xx.o
AHBPrescTable                                     build/system_stm32f4xx.o
                                                  build/stm32f4xx_hal_rcc.o
APBPrescTable                                     build/system_stm32f4xx.o
                                                  build/stm32f4xx_hal_rcc.o
BusFault_Handler                                  build/stm32f4xx_it.o
CAN1_RX0_IRQHandler                               build/startup_stm32f429xx.o
CAN1_RX1_IRQHandler                               build/startup_stm32f429xx.o
CAN1_SCE_IRQHandler                               build/startup_stm32f429xx.o
CAN1_TX_IRQHandler                                build/startup_stm32f429xx.o
CAN2_RX0_IRQHandler                               build/startup_stm32f429xx.o
CAN2_RX1_IRQHandler                               build/startup_stm32f429xx.o
CAN2_SCE_IRQHandler                               build/startup_stm32f429xx.o
CAN2_TX_IRQHandler                                build/startup_stm32f429xx.o
DCMI_IRQHandler                                   build/startup_stm32f429xx.o
DMA1_Stream0_IRQHandler                           build/startup_stm32f429xx.o
DMA1_Stream1_IRQHandler                           build/startup_stm32f429xx.o
DMA1_Stream2_IRQHandler                           build/startup_stm32f429xx.o
DMA1_Stream3_IRQHandler                           build/startup_stm32f429xx.o
DMA1_Stream4_IRQHandler                           build/startup_stm32f429xx.o
DMA1_Stream5_IRQHandler                           build/startup_stm32f429xx.o
DMA1_Stream6_IRQHandler                           build/startup_stm32f429xx.o
DMA1_Stream7_IRQHandler                           build/startup_stm32f429xx.o
DMA2D_IRQHandler                                  build/startup_stm32f429xx.o
DMA2_Stream0_IRQHandler                           build/startup_stm32f429xx.o
DMA2_Stream1_IRQHandler                           build/startup_stm32f429xx.o
DMA2_Stream2_IRQHandler                           build/startup_stm32f429xx.o
DMA2_Stream3_IRQHandler                           build/startup_stm32f429xx.o
DMA2_Stream4_IRQHandler                           build/startup_stm32f429xx.o
DMA2_Stream5_IRQHandler                           build/startup_stm32f429xx.o
DMA2_Stream6_IRQHandler                           build/startup_stm32f429xx.o
DMA2_Stream7_IRQHandler                           build/startup_stm32f429xx.o
DebugMon_Handler                                  build/stm32f4xx_it.o
Default_Handler                                   build/startup_stm32f429xx.o
ETH_IRQHandler                                    build/startup_stm32f429xx.o
ETH_WKUP_IRQHandler                               build/startup_stm32f429xx.o
EXTI0_IRQHandler                                  build/startup_stm32f429xx.o
EXTI15_10_IRQHandler                              build/startup_stm32f429xx.o
EXTI1_IRQHandler                                  build/startup_stm32f429xx.o
EXTI2_IRQHandler                                  build/startup_stm32f429xx.o
EXTI3_IRQHandler                                  build/startup_stm32f429xx.o
EXTI4_IRQHandler                                  build/startup_stm32f429xx.o
EXTI9_5_IRQHandler                                build/startup_stm32f429xx.o
Error_Handler                                     build/main.o
FLASH_Erase_Sector                                build/stm32f4xx_hal_flash_ex.o
                                                  build/stm32f4xx_hal_flash.o
FLASH_FlushCaches                                 build/stm32f4xx_hal_flash_ex.o
                                                  build/stm32f4xx_hal_flash.o
FLASH_IRQHandler                                  build/startup_stm32f429xx.o
FLASH_WaitForLastOperation                        build/stm32f4xx_hal_flash.o
                                                  build/stm32f4xx_hal_flash_ex.o
FMC_IRQHandler                                    build/startup_stm32f429xx.o
FPU_IRQHandler                                    build/startup_stm32f429xx.o
HAL_DBGMCU_DisableDBGSleepMode                    build/stm32f4xx_hal.o
HAL_DBGMCU_DisableDBGStandbyMode                  build/stm32f4xx_hal.o
HAL_DBGMCU_DisableDBGStopMode                     build/stm32f4xx_hal.o
HAL_DBGMCU_EnableDBGSleepMode                     build/stm32f4xx_hal.o
HAL_DBGMCU_EnableDBGStandbyMode                   build/stm32f4xx_hal.o
HAL_DBGMCU_EnableDBGStopMode                      build/stm32f4xx_hal.o
HAL_DMAEx_ChangeMemory                            build/stm32f4xx_hal_dma_ex.o
HAL_DMAEx_MultiBufferStart                        build/stm32f4xx_hal_dma_ex.o
HAL_DMAEx_MultiBufferStart_IT                     build/stm32f4xx_hal_dma_ex.o
HAL_DMA_Abort                                     build/stm32f4xx_hal_dma.o
                                                  build/stm32f4xx_hal_uart.o
HAL_DMA_Abort_IT                                  build/stm32f4xx_hal_dma.o
                                                  build/stm32f4xx_hal_uart.o
                                                  build/stm32f4xx_hal_i2c.o
HAL_DMA_DeInit                                    build/stm32f4xx_hal_dma.o
HAL_DMA_GetError                                  build/stm32f4xx_hal_dma.o
                                                  build/stm32f4xx_hal_i2c.o
HAL_DMA_GetState                                  build/stm32f4xx_hal_dma.o
HAL_DMA_IRQHandler                                build/stm32f4xx_hal_dma.o
HAL_DMA_Init                                      build/stm32f4xx_hal_dma.o
HAL_DMA_PollForTransfer                           build/stm32f4xx_hal_dma.o
HAL_DMA_RegisterCallback                          build/stm32f4xx_hal_dma.o
HAL_DMA_Start                                     build/stm32f4xx_hal_dma.o
HAL_DMA_Start_IT                                  build/stm32f4xx_hal_dma.o
                                                  build/stm32f4xx_hal_uart.o
                                                  build/stm32f4xx_hal_i2c.o
HAL_DMA_UnRegisterCallback                        build/stm32f4xx_hal_dma.o
HAL_DeInit                                        build/stm32f4xx_hal.o
HAL_Delay                                         build/stm32f4xx_hal.o
                                                  build/main.o
HAL_DisableCompensationCell                       build/stm32f4xx_hal.o
HAL_DisableMemorySwappingBank                     build/stm32f4xx_hal.o
HAL_EnableCompensationCell                        build/stm32f4xx_hal.o
HAL_EnableMemorySwappingBank                      build/stm32f4xx_hal.o
HAL_FLASHEx_AdvOBGetConfig                        build/stm32f4xx_hal_flash_ex.o
HAL_FLASHEx_AdvOBProgram                          build/stm32f4xx_hal_flash_ex.o
HAL_FLASHEx_Erase                                 build/stm32f4xx_hal_flash_ex.o
HAL_FLASHEx_Erase_IT                              build/stm32f4xx_hal_flash_ex.o
HAL_FLASHEx_OBGetConfig                           build/stm32f4xx_hal_flash_ex.o
HAL_FLASHEx_OBProgram                             build/stm32f4xx_hal_flash_ex.o
HAL_FLASHEx_OB_DeSelectPCROP                      build/stm32f4xx_hal_flash_ex.o
HAL_FLASHEx_OB_GetBank2WRP                        build/stm32f4xx_hal_flash_ex.o
HAL_FLASHEx_OB_SelectPCROP                        build/stm32f4xx_hal_flash_ex.o
HAL_FLASH_EndOfOperationCallback                  build/stm32f4xx_hal_flash.o
HAL_FLASH_GetError                                build/stm32f4xx_hal_flash.o
HAL_FLASH_IRQHandler                              build/stm32f4xx_hal_flash.o
HAL_FLASH_Lock                                    build/stm32f4xx_hal_flash.o
HAL_FLASH_OB_Launch                               build/stm32f4xx_hal_flash.o
HAL_FLASH_OB_Lock                                 build/stm32f4xx_hal_flash.o
HAL_FLASH_OB_Unlock                               build/stm32f4xx_hal_flash.o
HAL_FLASH_OperationErrorCallback                  build/stm32f4xx_hal_flash.o
HAL_FLASH_Program                                 build/stm32f4xx_hal_flash.o
HAL_FLASH_Program_IT                              build/stm32f4xx_hal_flash.o
HAL_FLASH_Unlock                                  build/stm32f4xx_hal_flash.o
HAL_GPIO_DeInit                                   build/stm32f4xx_hal_gpio.o
                                                  build/stm32f4xx_hal_msp.o
HAL_GPIO_EXTI_Callback                            build/stm32f4xx_hal_gpio.o
HAL_GPIO_EXTI_IRQHandler                          build/stm32f4xx_hal_gpio.o
HAL_GPIO_Init                                     build/stm32f4xx_hal_gpio.o
                                                  build/stm32f4xx_hal_rcc.o
                                                  build/stm32f4xx_hal_msp.o
                                                  build/main.o
HAL_GPIO_LockPin                                  build/stm32f4xx_hal_gpio.o
HAL_GPIO_ReadPin                                  build/stm32f4xx_hal_gpio.o
HAL_GPIO_TogglePin                                build/stm32f4xx_hal_gpio.o
HAL_GPIO_WritePin                                 build/stm32f4xx_hal_gpio.o
                                                  build/main.o
HAL_GetDEVID                                      build/stm32f4xx_hal.o
HAL_GetHalVersion                                 build/stm32f4xx_hal.o
HAL_GetREVID                                      build/stm32f4xx_hal.o
HAL_GetTick                                       build/stm32f4xx_hal.o
                                                  build/stm32f4xx_hal_pwr_ex.o
                                                  build/stm32f4xx_hal_dma.o
                                                  build/stm32f4xx_hal_flash.o
                                                  build/stm32f4xx_hal_rcc_ex.o
                                                  build/stm32f4xx_hal_rcc.o
                                                  build/stm32f4xx_hal_uart.o
                                                  build/stm32f4xx_hal_i2c.o
HAL_GetTickFreq                                   build/stm32f4xx_hal.o
HAL_GetTickPrio                                   build/stm32f4xx_hal.o
HAL_GetUID                                        build/stm32f4xx_hal.o
HAL_HalfDuplex_EnableReceiver                     build/stm32f4xx_hal_uart.o
HAL_HalfDuplex_EnableTransmitter                  build/stm32f4xx_hal_uart.o
HAL_HalfDuplex_Init                               build/stm32f4xx_hal_uart.o
HAL_I2CEx_ConfigAnalogFilter                      build/stm32f4xx_hal_i2c_ex.o
                                                  build/main.o
HAL_I2CEx_ConfigDigitalFilter                     build/stm32f4xx_hal_i2c_ex.o
                                                  build/main.o
HAL_I2C_AbortCpltCallback                         build/stm32f4xx_hal_i2c.o
HAL_I2C_AddrCallback                              build/stm32f4xx_hal_i2c.o
HAL_I2C_DeInit                                    build/stm32f4xx_hal_i2c.o
HAL_I2C_DisableListen_IT                          build/stm32f4xx_hal_i2c.o
HAL_I2C_ER_IRQHandler                             build/stm32f4xx_hal_i2c.o
HAL_I2C_EV_IRQHandler                             build/stm32f4xx_hal_i2c.o
HAL_I2C_EnableListen_IT                           build/stm32f4xx_hal_i2c.o
HAL_I2C_ErrorCallback                             build/stm32f4xx_hal_i2c.o
HAL_I2C_GetError                                  build/stm32f4xx_hal_i2c.o
HAL_I2C_GetMode                                   build/stm32f4xx_hal_i2c.o
HAL_I2C_GetState                                  build/stm32f4xx_hal_i2c.o
HAL_I2C_Init                                      build/stm32f4xx_hal_i2c.o
                                                  build/main.o
HAL_I2C_IsDeviceReady                             build/stm32f4xx_hal_i2c.o
HAL_I2C_ListenCpltCallback                        build/stm32f4xx_hal_i2c.o
HAL_I2C_MasterRxCpltCallback                      build/stm32f4xx_hal_i2c.o
HAL_I2C_MasterTxCpltCallback                      build/stm32f4xx_hal_i2c.o
HAL_I2C_Master_Abort_IT                           build/stm32f4xx_hal_i2c.o
HAL_I2C_Master_Receive                            build/stm32f4xx_hal_i2c.o
HAL_I2C_Master_Receive_DMA                        build/stm32f4xx_hal_i2c.o
HAL_I2C_Master_Receive_IT                         build/stm32f4xx_hal_i2c.o
HAL_I2C_Master_Sequential_Receive_IT              build/stm32f4xx_hal_i2c.o
HAL_I2C_Master_Sequential_Transmit_IT             build/stm32f4xx_hal_i2c.o
HAL_I2C_Master_Transmit                           build/stm32f4xx_hal_i2c.o
HAL_I2C_Master_Transmit_DMA                       build/stm32f4xx_hal_i2c.o
HAL_I2C_Master_Transmit_IT                        build/stm32f4xx_hal_i2c.o
HAL_I2C_MemRxCpltCallback                         build/stm32f4xx_hal_i2c.o
HAL_I2C_MemTxCpltCallback                         build/stm32f4xx_hal_i2c.o
HAL_I2C_Mem_Read                                  build/stm32f4xx_hal_i2c.o
                                                  build/MAX30102.o
HAL_I2C_Mem_Read_DMA                              build/stm32f4xx_hal_i2c.o
HAL_I2C_Mem_Read_IT                               build/stm32f4xx_hal_i2c.o
HAL_I2C_Mem_Write                                 build/stm32f4xx_hal_i2c.o
                                                  build/MAX30102.o
HAL_I2C_Mem_Write_DMA                             build/stm32f4xx_hal_i2c.o
HAL_I2C_Mem_Write_IT                              build/stm32f4xx_hal_i2c.o
HAL_I2C_MspDeInit                                 build/stm32f4xx_hal_msp.o
HAL_I2C_MspInit                                   build/stm32f4xx_hal_msp.o
HAL_I2C_SlaveRxCpltCallback                       build/stm32f4xx_hal_i2c.o
HAL_I2C_SlaveTxCpltCallback                       build/stm32f4xx_hal_i2c.o
HAL_I2C_Slave_Receive                             build/stm32f4xx_hal_i2c.o
HAL_I2C_Slave_Receive_DMA                         build/stm32f4xx_hal_i2c.o
HAL_I2C_Slave_Receive_IT                          build/stm32f4xx_hal_i2c.o
HAL_I2C_Slave_Sequential_Receive_IT               build/stm32f4xx_hal_i2c.o
HAL_I2C_Slave_Sequential_Transmit_IT              build/stm32f4xx_hal_i2c.o
HAL_I2C_Slave_Transmit                            build/stm32f4xx_hal_i2c.o
HAL_I2C_Slave_Transmit_DMA                        build/stm32f4xx_hal_i2c.o
HAL_I2C_Slave_Transmit_IT                         build/stm32f4xx_hal_i2c.o
HAL_IncTick                                       build/stm32f4xx_hal.o
                                                  build/stm32f4xx_it.o
HAL_Init                                          build/stm32f4xx_hal.o
                                                  build/main.o
HAL_InitTick                                      build/stm32f4xx_hal.o
                                                  build/stm32f4xx_hal_rcc_ex.o
                                                  build/stm32f4xx_hal_rcc.o
HAL_LIN_Init                                      build/stm32f4xx_hal_uart.o
HAL_LIN_SendBreak                                 build/stm32f4xx_hal_uart.o
HAL_MPU_ConfigRegion                              build/stm32f4xx_hal_cortex.o
HAL_MPU_Disable                                   build/stm32f4xx_hal_cortex.o
HAL_MPU_Enable                                    build/stm32f4xx_hal_cortex.o
HAL_MspDeInit                                     build/stm32f4xx_hal.o
HAL_MspInit                                       build/stm32f4xx_hal_msp.o
HAL_MultiProcessor_EnterMuteMode                  build/stm32f4xx_hal_uart.o
HAL_MultiProcessor_ExitMuteMode                   build/stm32f4xx_hal_uart.o
HAL_MultiProcessor_Init                           build/stm32f4xx_hal_uart.o
HAL_NVIC_ClearPendingIRQ                          build/stm32f4xx_hal_cortex.o
HAL_NVIC_DisableIRQ                               build/stm32f4xx_hal_cortex.o
HAL_NVIC_EnableIRQ                                build/stm32f4xx_hal_cortex.o
HAL_NVIC_GetActive                                build/stm32f4xx_hal_cortex.o
HAL_NVIC_GetPendingIRQ                            build/stm32f4xx_hal_cortex.o
HAL_NVIC_GetPriority                              build/stm32f4xx_hal_cortex.o
HAL_NVIC_GetPriorityGrouping                      build/stm32f4xx_hal_cortex.o
HAL_NVIC_SetPendingIRQ                            build/stm32f4xx_hal_cortex.o
HAL_NVIC_SetPriority                              build/stm32f4xx_hal_cortex.o
                                                  build/stm32f4xx_hal.o
HAL_NVIC_SetPriorityGrouping                      build/stm32f4xx_hal_cortex.o
                                                  build/stm32f4xx_hal.o
                                                  build/stm32f4xx_hal_msp.o
HAL_NVIC_SystemReset                              build/stm32f4xx_hal_cortex.o
HAL_PWREx_ControlVoltageScaling                   build/stm32f4xx_hal_pwr_ex.o
HAL_PWREx_DisableBkUpReg                          build/stm32f4xx_hal_pwr_ex.o
HAL_PWREx_DisableFlashPowerDown                   build/stm32f4xx_hal_pwr_ex.o
HAL_PWREx_DisableOverDrive                        build/stm32f4xx_hal_pwr_ex.o
HAL_PWREx_EnableBkUpReg                           build/stm32f4xx_hal_pwr_ex.o
HAL_PWREx_EnableFlashPowerDown                    build/stm32f4xx_hal_pwr_ex.o
HAL_PWREx_EnableOverDrive                         build/stm32f4xx_hal_pwr_ex.o
                                                  build/main.o
HAL_PWREx_EnterUnderDriveSTOPMode                 build/stm32f4xx_hal_pwr_ex.o
HAL_PWREx_GetVoltageRange                         build/stm32f4xx_hal_pwr_ex.o
HAL_PWR_ConfigPVD                                 build/stm32f4xx_hal_pwr.o
HAL_PWR_DeInit                                    build/stm32f4xx_hal_pwr.o
HAL_PWR_DisableBkUpAccess                         build/stm32f4xx_hal_pwr.o
HAL_PWR_DisablePVD                                build/stm32f4xx_hal_pwr.o
HAL_PWR_DisableSEVOnPend                          build/stm32f4xx_hal_pwr.o
HAL_PWR_DisableSleepOnExit                        build/stm32f4xx_hal_pwr.o
HAL_PWR_DisableWakeUpPin                          build/stm32f4xx_hal_pwr.o
HAL_PWR_EnableBkUpAccess                          build/stm32f4xx_hal_pwr.o
HAL_PWR_EnablePVD                                 build/stm32f4xx_hal_pwr.o
HAL_PWR_EnableSEVOnPend                           build/stm32f4xx_hal_pwr.o
HAL_PWR_EnableSleepOnExit                         build/stm32f4xx_hal_pwr.o
HAL_PWR_EnableWakeUpPin                           build/stm32f4xx_hal_pwr.o
HAL_PWR_EnterSLEEPMode                            build/stm32f4xx_hal_pwr.o
HAL_PWR_EnterSTANDBYMode                          build/stm32f4xx_hal_pwr.o
HAL_PWR_EnterSTOPMode                             build/stm32f4xx_hal_pwr.o
HAL_PWR_PVDCallback                               build/stm32f4xx_hal_pwr.o
HAL_PWR_PVD_IRQHandler                            build/stm32f4xx_hal_pwr.o
HAL_RCCEx_DisablePLLI2S                           build/stm32f4xx_hal_rcc_ex.o
HAL_RCCEx_DisablePLLSAI                           build/stm32f4xx_hal_rcc_ex.o
HAL_RCCEx_EnablePLLI2S                            build/stm32f4xx_hal_rcc_ex.o
HAL_RCCEx_EnablePLLSAI                            build/stm32f4xx_hal_rcc_ex.o
HAL_RCCEx_GetPeriphCLKConfig                      build/stm32f4xx_hal_rcc_ex.o
HAL_RCCEx_GetPeriphCLKFreq                        build/stm32f4xx_hal_rcc_ex.o
HAL_RCCEx_PeriphCLKConfig                         build/stm32f4xx_hal_rcc_ex.o
HAL_RCC_CSSCallback                               build/stm32f4xx_hal_rcc.o
HAL_RCC_ClockConfig                               build/stm32f4xx_hal_rcc.o
                                                  build/main.o
HAL_RCC_DeInit                                    build/stm32f4xx_hal_rcc_ex.o
                                                  build/stm32f4xx_hal_rcc.o
HAL_RCC_DisableCSS                                build/stm32f4xx_hal_rcc.o
HAL_RCC_EnableCSS                                 build/stm32f4xx_hal_rcc.o
HAL_RCC_GetClockConfig                            build/stm32f4xx_hal_rcc.o
HAL_RCC_GetHCLKFreq                               build/stm32f4xx_hal_rcc.o
HAL_RCC_GetOscConfig                              build/stm32f4xx_hal_rcc.o
HAL_RCC_GetPCLK1Freq                              build/stm32f4xx_hal_rcc.o
                                                  build/stm32f4xx_hal_uart.o
                                                  build/stm32f4xx_hal_i2c.o
HAL_RCC_GetPCLK2Freq                              build/stm32f4xx_hal_rcc.o
                                                  build/stm32f4xx_hal_uart.o
HAL_RCC_GetSysClockFreq                           build/stm32f4xx_hal_rcc.o
HAL_RCC_MCOConfig                                 build/stm32f4xx_hal_rcc.o
HAL_RCC_NMI_IRQHandler                            build/stm32f4xx_hal_rcc.o
HAL_RCC_OscConfig                                 build/stm32f4xx_hal_rcc.o
                                                  build/main.o
HAL_ResumeTick                                    build/stm32f4xx_hal.o
HAL_SYSTICK_CLKSourceConfig                       build/stm32f4xx_hal_cortex.o
HAL_SYSTICK_Callback                              build/stm32f4xx_hal_cortex.o
HAL_SYSTICK_Config                                build/stm32f4xx_hal_cortex.o
                                                  build/stm32f4xx_hal.o
HAL_SYSTICK_IRQHandler                            build/stm32f4xx_hal_cortex.o
HAL_SetTickFreq                                   build/stm32f4xx_hal.o
HAL_SuspendTick                                   build/stm32f4xx_hal.o